Archive member included to satisfy reference by file (symbol)

c:/program files (x86)/atmel/studio/7.0/toolchain/arm/arm-gnu-toolchain/bin/../lib/gcc/arm-none-eabi/6.3.1/../../../../arm-none-eabi/lib/thumb/v7e-m\libc.a(lib_a-exit.o)
                              c:/program files (x86)/atmel/studio/7.0/toolchain/arm/arm-gnu-toolchain/bin/../lib/gcc/arm-none-eabi/6.3.1/../../../../arm-none-eabi/lib/thumb/v7e-m/crt0.o (exit)
c:/program files (x86)/atmel/studio/7.0/toolchain/arm/arm-gnu-toolchain/bin/../lib/gcc/arm-none-eabi/6.3.1/../../../../arm-none-eabi/lib/thumb/v7e-m\libc.a(lib_a-impure.o)
                              c:/program files (x86)/atmel/studio/7.0/toolchain/arm/arm-gnu-toolchain/bin/../lib/gcc/arm-none-eabi/6.3.1/../../../../arm-none-eabi/lib/thumb/v7e-m\libc.a(lib_a-exit.o) (_global_impure_ptr)
c:/program files (x86)/atmel/studio/7.0/toolchain/arm/arm-gnu-toolchain/bin/../lib/gcc/arm-none-eabi/6.3.1/../../../../arm-none-eabi/lib/thumb/v7e-m\libc.a(lib_a-init.o)
                              c:/program files (x86)/atmel/studio/7.0/toolchain/arm/arm-gnu-toolchain/bin/../lib/gcc/arm-none-eabi/6.3.1/../../../../arm-none-eabi/lib/thumb/v7e-m/crt0.o (__libc_init_array)
c:/program files (x86)/atmel/studio/7.0/toolchain/arm/arm-gnu-toolchain/bin/../lib/gcc/arm-none-eabi/6.3.1/../../../../arm-none-eabi/lib/thumb/v7e-m\libc.a(lib_a-iprintf.o)
                              src/main.o (iprintf)
c:/program files (x86)/atmel/studio/7.0/toolchain/arm/arm-gnu-toolchain/bin/../lib/gcc/arm-none-eabi/6.3.1/../../../../arm-none-eabi/lib/thumb/v7e-m\libc.a(lib_a-malloc.o)
                              src/ASF/common/components/touch/mxt/mxt_device_1.o (malloc)
c:/program files (x86)/atmel/studio/7.0/toolchain/arm/arm-gnu-toolchain/bin/../lib/gcc/arm-none-eabi/6.3.1/../../../../arm-none-eabi/lib/thumb/v7e-m\libc.a(lib_a-mallocr.o)
                              c:/program files (x86)/atmel/studio/7.0/toolchain/arm/arm-gnu-toolchain/bin/../lib/gcc/arm-none-eabi/6.3.1/../../../../arm-none-eabi/lib/thumb/v7e-m\libc.a(lib_a-malloc.o) (_malloc_r)
c:/program files (x86)/atmel/studio/7.0/toolchain/arm/arm-gnu-toolchain/bin/../lib/gcc/arm-none-eabi/6.3.1/../../../../arm-none-eabi/lib/thumb/v7e-m\libc.a(lib_a-memcpy.o)
                              src/ASF/sam/services/flash_efc/flash_efc.o (memcpy)
c:/program files (x86)/atmel/studio/7.0/toolchain/arm/arm-gnu-toolchain/bin/../lib/gcc/arm-none-eabi/6.3.1/../../../../arm-none-eabi/lib/thumb/v7e-m\libc.a(lib_a-memset.o)
                              c:/program files (x86)/atmel/studio/7.0/toolchain/arm/arm-gnu-toolchain/bin/../lib/gcc/arm-none-eabi/6.3.1/../../../../arm-none-eabi/lib/thumb/v7e-m/crt0.o (memset)
c:/program files (x86)/atmel/studio/7.0/toolchain/arm/arm-gnu-toolchain/bin/../lib/gcc/arm-none-eabi/6.3.1/../../../../arm-none-eabi/lib/thumb/v7e-m\libc.a(lib_a-mlock.o)
                              c:/program files (x86)/atmel/studio/7.0/toolchain/arm/arm-gnu-toolchain/bin/../lib/gcc/arm-none-eabi/6.3.1/../../../../arm-none-eabi/lib/thumb/v7e-m\libc.a(lib_a-mallocr.o) (__malloc_lock)
c:/program files (x86)/atmel/studio/7.0/toolchain/arm/arm-gnu-toolchain/bin/../lib/gcc/arm-none-eabi/6.3.1/../../../../arm-none-eabi/lib/thumb/v7e-m\libc.a(lib_a-sbrkr.o)
                              c:/program files (x86)/atmel/studio/7.0/toolchain/arm/arm-gnu-toolchain/bin/../lib/gcc/arm-none-eabi/6.3.1/../../../../arm-none-eabi/lib/thumb/v7e-m\libc.a(lib_a-mallocr.o) (_sbrk_r)
c:/program files (x86)/atmel/studio/7.0/toolchain/arm/arm-gnu-toolchain/bin/../lib/gcc/arm-none-eabi/6.3.1/../../../../arm-none-eabi/lib/thumb/v7e-m\libc.a(lib_a-setbuf.o)
                              src/main.o (setbuf)
c:/program files (x86)/atmel/studio/7.0/toolchain/arm/arm-gnu-toolchain/bin/../lib/gcc/arm-none-eabi/6.3.1/../../../../arm-none-eabi/lib/thumb/v7e-m\libc.a(lib_a-setvbuf.o)
                              c:/program files (x86)/atmel/studio/7.0/toolchain/arm/arm-gnu-toolchain/bin/../lib/gcc/arm-none-eabi/6.3.1/../../../../arm-none-eabi/lib/thumb/v7e-m\libc.a(lib_a-setbuf.o) (setvbuf)
c:/program files (x86)/atmel/studio/7.0/toolchain/arm/arm-gnu-toolchain/bin/../lib/gcc/arm-none-eabi/6.3.1/../../../../arm-none-eabi/lib/thumb/v7e-m\libc.a(lib_a-sprintf.o)
                              src/main.o (sprintf)
c:/program files (x86)/atmel/studio/7.0/toolchain/arm/arm-gnu-toolchain/bin/../lib/gcc/arm-none-eabi/6.3.1/../../../../arm-none-eabi/lib/thumb/v7e-m\libc.a(lib_a-strcat.o)
                              src/main.o (strcat)
c:/program files (x86)/atmel/studio/7.0/toolchain/arm/arm-gnu-toolchain/bin/../lib/gcc/arm-none-eabi/6.3.1/../../../../arm-none-eabi/lib/thumb/v7e-m\libc.a(lib_a-strcpy.o)
                              c:/program files (x86)/atmel/studio/7.0/toolchain/arm/arm-gnu-toolchain/bin/../lib/gcc/arm-none-eabi/6.3.1/../../../../arm-none-eabi/lib/thumb/v7e-m\libc.a(lib_a-strcat.o) (strcpy)
[...]
Memory Configuration

Name             Origin             Length             Attributes
rom              0x00400000         0x00200000         xr
ram              0x20400000         0x00060000         xrw
*default*        0x00000000         0xffffffff

Linker script and memory map

LOAD c:/program files (x86)/atmel/studio/7.0/toolchain/arm/arm-gnu-toolchain/bin/../lib/gcc/arm-none-eabi/6.3.1/thumb/v7e-m/crti.o
LOAD c:/program files (x86)/atmel/studio/7.0/toolchain/arm/arm-gnu-toolchain/bin/../lib/gcc/arm-none-eabi/6.3.1/thumb/v7e-m/crtbegin.o
LOAD c:/program files (x86)/atmel/studio/7.0/toolchain/arm/arm-gnu-toolchain/bin/../lib/gcc/arm-none-eabi/6.3.1/../../../../arm-none-eabi/lib/thumb/v7e-m/crt0.o
LOAD src/ASF/common/components/touch/mxt/mxt_device_1.o
LOAD src/ASF/common/services/clock/same70/sysclk.o
LOAD src/ASF/common/services/delay/sam/cycle_counter.o
LOAD src/ASF/common/services/serial/usart_serial.o
LOAD src/ASF/common/services/spi/sam_spi/spi_master.o
LOAD src/ASF/common/utils/interrupt/interrupt_sam_nvic.o
LOAD src/ASF/common/utils/stdio/read.o
LOAD src/ASF/common/utils/stdio/write.o
LOAD src/ASF/sam/boards/same70_xplained/init.o
LOAD src/ASF/sam/components/display/ili9488/ili9488.o
LOAD src/ASF/sam/drivers/efc/efc.o
LOAD src/ASF/sam/drivers/mpu/mpu.o
LOAD src/ASF/sam/drivers/pio/pio.o
LOAD src/ASF/sam/drivers/pio/pio_handler.o
LOAD src/ASF/sam/drivers/pmc/pmc.o
LOAD src/ASF/sam/drivers/pmc/sleep.o
LOAD src/ASF/sam/drivers/spi/spi.o
LOAD src/ASF/sam/drivers/twihs/twihs.o
LOAD src/ASF/sam/drivers/uart/uart.o
LOAD src/ASF/sam/drivers/usart/usart.o
LOAD src/ASF/sam/services/flash_efc/flash_efc.o
LOAD src/ASF/sam/utils/cmsis/same70/source/templates/gcc/startup_same70.o
LOAD src/ASF/sam/utils/cmsis/same70/source/templates/system_same70.o
LOAD src/ASF/sam/utils/syscalls/gcc/syscalls.o
LOAD src/main.o
START GROUP
LOAD ../src/ASF/thirdparty/CMSIS/Lib/GCC\libarm_cortexM7lfsp_math_softfp.a
LOAD c:/program files (x86)/atmel/studio/7.0/toolchain/arm/arm-gnu-toolchain/bin/../lib/gcc/arm-none-eabi/6.3.1/../../../../arm-none-eabi/lib/thumb/v7e-m\libm.a
END GROUP
START GROUP
LOAD c:/program files (x86)/atmel/studio/7.0/toolchain/arm/arm-gnu-toolchain/bin/../lib/gcc/arm-none-eabi/6.3.1/thumb/v7e-m\libgcc.a
LOAD c:/program files (x86)/atmel/studio/7.0/toolchain/arm/arm-gnu-toolchain/bin/../lib/gcc/arm-none-eabi/6.3.1/../../../../arm-none-eabi/lib/thumb/v7e-m\libc.a
END GROUP
LOAD c:/program files (x86)/atmel/studio/7.0/toolchain/arm/arm-gnu-toolchain/bin/../lib/gcc/arm-none-eabi/6.3.1/thumb/v7e-m/crtend.o
LOAD c:/program files (x86)/atmel/studio/7.0/toolchain/arm/arm-gnu-toolchain/bin/../lib/gcc/arm-none-eabi/6.3.1/thumb/v7e-m/crtn.o
                0x00002000                STACK_SIZE = DEFINED (STACK_SIZE)?STACK_SIZE:0x2000
                0x2045fffc                __ram_end__ = ((ORIGIN (ram) + LENGTH (ram)) - 0x4)
                0x00000200                HEAP_SIZE = DEFINED (HEAP_SIZE)?HEAP_SIZE:0x200

.text           0x00400000    0x4637c
                0x00400000                . = ALIGN (0x4)
                0x00400000                _sfixed = .
 *(.vectors .vectors.*)
 .vectors       0x00400000      0x168 src/ASF/sam/utils/cmsis/same70/source/templates/gcc/startup_same70.o
                0x00400000                exception_table
 *(.text .text.* .gnu.linkonce.t.*)
 .text          0x00400168       0x6c c:/program files (x86)/atmel/studio/7.0/toolchain/arm/arm-gnu-toolchain/bin/../lib/gcc/arm-none-eabi/6.3.1/thumb/v7e-m/crtbegin.o
 .text.mxt_init_device
                0x004001d4      0x298 src/ASF/common/components/touch/mxt/mxt_device_1.o
                0x004001d4                mxt_init_device
 .text.mxt_get_object_address
                0x0040046c       0x40 src/ASF/common/components/touch/mxt/mxt_device_1.o
                0x0040046c                mxt_get_object_address
 .text.mxt_write_config_object
                0x004004ac       0x78 src/ASF/common/components/touch/mxt/mxt_device_1.o
                0x004004ac                mxt_write_config_object
 .text.mxt_write_config_reg
                0x00400524       0x48 src/ASF/common/components/touch/mxt/mxt_device_1.o
                0x00400524                mxt_write_config_reg
 .text.mxt_is_message_pending
                0x0040056c       0x24 src/ASF/common/components/touch/mxt/mxt_device_1.o
                0x0040056c                mxt_is_message_pending
 .text.mxt_read_message
                0x00400590       0x4c src/ASF/common/components/touch/mxt/mxt_device_1.o
                0x00400590                mxt_read_message
 .text.mxt_read_touch_event
                0x004005dc       0x70 src/ASF/common/components/touch/mxt/mxt_device_1.o
                0x004005dc                mxt_read_touch_event
 .text.sysclk_init
                0x0040064c       0x74 src/ASF/common/services/clock/same70/sysclk.o
                0x0040064c                sysclk_init
 .text.usart_serial_write_packet
                0x004006c0       0xd8 src/ASF/common/services/serial/usart_serial.o
                0x004006c0                usart_serial_write_packet
 .text.spi_master_init
                0x00400798       0x54 src/ASF/common/services/spi/sam_spi/spi_master.o
                0x00400798                spi_master_init
 .text.spi_master_setup_device
                0x004007ec       0x80 src/ASF/common/services/spi/sam_spi/spi_master.o
                0x004007ec                spi_master_setup_device
 .text.spi_select_device
                0x0040086c       0x30 src/ASF/common/services/spi/sam_spi/spi_master.o
                0x0040086c                spi_select_device
 .text.spi_write_packet
                0x0040089c       0x36 src/ASF/common/services/spi/sam_spi/spi_master.o
                0x0040089c                spi_write_packet
 .text.spi_read_packet
                0x004008d2       0x54 src/ASF/common/services/spi/sam_spi/spi_master.o
                0x004008d2                spi_read_packet
 *fill*         0x00400926        0x2 
 .text._read    0x00400928       0x3c src/ASF/common/utils/stdio/read.o
                0x00400928                _read
 .text._write   0x00400964       0x50 src/ASF/common/utils/stdio/write.o
                0x00400964                _write
 .text.board_init
                0x004009b4      0x2bc src/ASF/sam/boards/same70_xplained/init.o
                0x004009b4                board_init
 .text.ili9488_check_box_coordinates
                0x00400c70       0x56 src/ASF/sam/components/display/ili9488/ili9488.o
 *fill*         0x00400cc6        0x2 
 .text.ili9488_write_ram_prepare
                0x00400cc8       0x3c src/ASF/sam/components/display/ili9488/ili9488.o
 .text.ili9488_write_register
                0x00400d04       0x74 src/ASF/sam/components/display/ili9488/ili9488.o
 .text.ili9488_write_ram_buffer
                0x00400d78       0x40 src/ASF/sam/components/display/ili9488/ili9488.o
 .text.ili9488_delay
                0x00400db8       0x1c src/ASF/sam/components/display/ili9488/ili9488.o
                0x00400db8                ili9488_delay
 .text.ili9488_set_display_direction
                0x00400dd4       0x2c src/ASF/sam/components/display/ili9488/ili9488.o
                0x00400dd4                ili9488_set_display_direction
 .text.ili9488_set_window
                0x00400e00       0x80 src/ASF/sam/components/display/ili9488/ili9488.o
                0x00400e00                ili9488_set_window
 .text.ili9488_display_on
                0x00400e80       0x14 src/ASF/sam/components/display/ili9488/ili9488.o
                0x00400e80                ili9488_display_on
 .text.ili9488_set_foreground_color
                0x00400e94       0x28 src/ASF/sam/components/display/ili9488/ili9488.o
                0x00400e94                ili9488_set_foreground_color
 .text.ili9488_set_cursor_position
                0x00400ebc       0x64 src/ASF/sam/components/display/ili9488/ili9488.o
                0x00400ebc                ili9488_set_cursor_position
 .text.ili9488_init
                0x00400f20      0x1c4 src/ASF/sam/components/display/ili9488/ili9488.o
                0x00400f20                ili9488_init
 .text.ili9488_draw_pixel
                0x004010e4       0x3c src/ASF/sam/components/display/ili9488/ili9488.o
                0x004010e4                ili9488_draw_pixel
 .text.ili9488_draw_filled_rectangle
                0x00401120       0xbc src/ASF/sam/components/display/ili9488/ili9488.o
                0x00401120                ili9488_draw_filled_rectangle
 .text.ili9488_draw_string
                0x004011dc       0xb0 src/ASF/sam/components/display/ili9488/ili9488.o
                0x004011dc                ili9488_draw_string
 .text.ili9488_draw_pixmap
                0x0040128c       0x78 src/ASF/sam/components/display/ili9488/ili9488.o
                0x0040128c                ili9488_draw_pixmap
 .text.pio_set  0x00401304        0x4 src/ASF/sam/drivers/pio/pio.o
                0x00401304                pio_set
 .text.pio_set_peripheral
                0x00401308       0x92 src/ASF/sam/drivers/pio/pio.o
                0x00401308                pio_set_peripheral
 .text.pio_set_input
                0x0040139a       0x36 src/ASF/sam/drivers/pio/pio.o
                0x0040139a                pio_set_input
 .text.pio_set_output
                0x004013d0       0x28 src/ASF/sam/drivers/pio/pio.o
                0x004013d0                pio_set_output
 .text.pio_configure
                0x004013f8       0x90 src/ASF/sam/drivers/pio/pio.o
                0x004013f8                pio_configure
 .text.pio_configure_interrupt
                0x00401488       0x32 src/ASF/sam/drivers/pio/pio.o
                0x00401488                pio_configure_interrupt
 .text.pio_enable_interrupt
                0x004014ba        0x4 src/ASF/sam/drivers/pio/pio.o
                0x004014ba                pio_enable_interrupt
 .text.pio_get_interrupt_status
                0x004014be        0x4 src/ASF/sam/drivers/pio/pio.o
                0x004014be                pio_get_interrupt_status
 .text.pio_get_interrupt_mask
                0x004014c2        0x4 src/ASF/sam/drivers/pio/pio.o
                0x004014c2                pio_get_interrupt_mask
 *fill*         0x004014c6        0x2 
 .text.pio_set_pin_high
                0x004014c8       0x1c src/ASF/sam/drivers/pio/pio.o
                0x004014c8                pio_set_pin_high
 .text.pio_set_pin_low
                0x004014e4       0x1c src/ASF/sam/drivers/pio/pio.o
                0x004014e4                pio_set_pin_low
 .text.pio_configure_pin
                0x00401500      0x130 src/ASF/sam/drivers/pio/pio.o
                0x00401500                pio_configure_pin
 .text.pio_handler_process
                0x00401630       0x50 src/ASF/sam/drivers/pio/pio_handler.o
                0x00401630                pio_handler_process
 .text.pio_handler_set
                0x00401680       0x70 src/ASF/sam/drivers/pio/pio_handler.o
                0x00401680                pio_handler_set
 .text.PIOA_Handler
                0x004016f0       0x14 src/ASF/sam/drivers/pio/pio_handler.o
                0x004016f0                PIOA_Handler
 .text.PIOB_Handler
                0x00401704       0x14 src/ASF/sam/drivers/pio/pio_handler.o
                0x00401704                PIOB_Handler
 .text.PIOC_Handler
                0x00401718       0x14 src/ASF/sam/drivers/pio/pio_handler.o
                0x00401718                PIOC_Handler
 .text.PIOD_Handler
                0x0040172c       0x14 src/ASF/sam/drivers/pio/pio_handler.o
                0x0040172c                PIOD_Handler
 .text.PIOE_Handler
                0x00401740       0x14 src/ASF/sam/drivers/pio/pio_handler.o
                0x00401740                PIOE_Handler
 .text.pmc_mck_set_division
                0x00401754       0x38 src/ASF/sam/drivers/pmc/pmc.o
                0x00401754                pmc_mck_set_division
 .text.pmc_switch_mck_to_pllack
                0x0040178c       0x64 src/ASF/sam/drivers/pmc/pmc.o
                0x0040178c                pmc_switch_mck_to_pllack
 .text.pmc_switch_mainck_to_xtal
                0x004017f0       0x54 src/ASF/sam/drivers/pmc/pmc.o
                0x004017f0                pmc_switch_mainck_to_xtal
 .text.pmc_osc_is_ready_mainck
                0x00401844       0x10 src/ASF/sam/drivers/pmc/pmc.o
                0x00401844                pmc_osc_is_ready_mainck
 .text.pmc_disable_pllack
                0x00401854       0x10 src/ASF/sam/drivers/pmc/pmc.o
                0x00401854                pmc_disable_pllack
 .text.pmc_is_locked_pllack
                0x00401864       0x10 src/ASF/sam/drivers/pmc/pmc.o
                0x00401864                pmc_is_locked_pllack
 .text.pmc_enable_periph_clk
                0x00401874       0x20 src/ASF/sam/drivers/pmc/pmc.o
                0x00401874                pmc_enable_periph_clk
 .text.spi_enable_clock
                0x00401894       0x2c src/ASF/sam/drivers/spi/spi.o
                0x00401894                spi_enable_clock
 .text.spi_set_peripheral_chip_select_value
                0x004018c0       0x16 src/ASF/sam/drivers/spi/spi.o
                0x004018c0                spi_set_peripheral_chip_select_value
 .text.spi_set_delay_between_chip_select
                0x004018d6       0x12 src/ASF/sam/drivers/spi/spi.o
                0x004018d6                spi_set_delay_between_chip_select
 .text.spi_write
                0x004018e8       0x34 src/ASF/sam/drivers/spi/spi.o
                0x004018e8                spi_write
 .text.spi_set_clock_polarity
                0x0040191c       0x1e src/ASF/sam/drivers/spi/spi.o
                0x0040191c                spi_set_clock_polarity
 .text.spi_set_clock_phase
                0x0040193a       0x1e src/ASF/sam/drivers/spi/spi.o
                0x0040193a                spi_set_clock_phase
 .text.spi_configure_cs_behavior
                0x00401958       0x46 src/ASF/sam/drivers/spi/spi.o
                0x00401958                spi_configure_cs_behavior
 .text.spi_set_bits_per_transfer
                0x0040199e       0x14 src/ASF/sam/drivers/spi/spi.o
                0x0040199e                spi_set_bits_per_transfer
 .text.spi_calc_baudrate_div
                0x004019b2       0x16 src/ASF/sam/drivers/spi/spi.o
                0x004019b2                spi_calc_baudrate_div
 .text.spi_set_baudrate_div
                0x004019c8       0x28 src/ASF/sam/drivers/spi/spi.o
                0x004019c8                spi_set_baudrate_div
 .text.spi_set_transfer_delay
                0x004019f0       0x1e src/ASF/sam/drivers/spi/spi.o
                0x004019f0                spi_set_transfer_delay
 *fill*         0x00401a0e        0x2 
 .text.twihs_set_speed
                0x00401a10       0xb0 src/ASF/sam/drivers/twihs/twihs.o
                0x00401a10                twihs_set_speed
 .text.twihs_master_init
                0x00401ac0       0x34 src/ASF/sam/drivers/twihs/twihs.o
                0x00401ac0                twihs_master_init
 .text.twihs_master_read
                0x00401af4       0xac src/ASF/sam/drivers/twihs/twihs.o
                0x00401af4                twihs_master_read
 .text.twihs_master_write
                0x00401ba0       0xa0 src/ASF/sam/drivers/twihs/twihs.o
                0x00401ba0                twihs_master_write
 .text.uart_write
                0x00401c40       0x12 src/ASF/sam/drivers/uart/uart.o
                0x00401c40                uart_write
 .text.uart_read
                0x00401c52       0x14 src/ASF/sam/drivers/uart/uart.o
                0x00401c52                uart_read
 .text.usart_set_async_baudrate
                0x00401c66       0x5a src/ASF/sam/drivers/usart/usart.o
                0x00401c66                usart_set_async_baudrate
 .text.usart_reset
                0x00401cc0       0x28 src/ASF/sam/drivers/usart/usart.o
                0x00401cc0                usart_reset
 .text.usart_init_rs232
                0x00401ce8       0x54 src/ASF/sam/drivers/usart/usart.o
                0x00401ce8                usart_init_rs232
 .text.usart_enable_tx
                0x00401d3c        0x6 src/ASF/sam/drivers/usart/usart.o
                0x00401d3c                usart_enable_tx
 .text.usart_enable_rx
                0x00401d42        0x6 src/ASF/sam/drivers/usart/usart.o
                0x00401d42                usart_enable_rx
 .text.usart_write
                0x00401d48       0x16 src/ASF/sam/drivers/usart/usart.o
                0x00401d48                usart_write
 .text.usart_read
                0x00401d5e       0x18 src/ASF/sam/drivers/usart/usart.o
                0x00401d5e                usart_read
 .text.Dummy_Handler
                0x00401d76        0x2 src/ASF/sam/utils/cmsis/same70/source/templates/gcc/startup_same70.o
                0x00401d76                DACC_Handler
                0x00401d76                DebugMon_Handler
                0x00401d76                UART3_Handler
                0x00401d76                UART2_Handler
                0x00401d76                TRNG_Handler
                0x00401d76                HardFault_Handler
                0x00401d76                TC2_Handler
                0x00401d76                SysTick_Handler
                0x00401d76                AFEC1_Handler
                0x00401d76                PendSV_Handler
                0x00401d76                NMI_Handler
                0x00401d76                TC7_Handler
                0x00401d76                QSPI_Handler
                0x00401d76                ISI_Handler
                0x00401d76                MCAN0_INT0_Handler
                0x00401d76                TC9_Handler
                0x00401d76                RSWDT_Handler
                0x00401d76                USART0_Handler
                0x00401d76                RTT_Handler
                0x00401d76                USBHS_Handler
                0x00401d76                IXC_Handler
                0x00401d76                CCF_Handler
                0x00401d76                RTC_Handler
                0x00401d76                UsageFault_Handler
                0x00401d76                TC6_Handler
                0x00401d76                WDT_Handler
                0x00401d76                MCAN1_INT1_Handler
                0x00401d76                TC4_Handler
                0x00401d76                TC1_Handler
                0x00401d76                HSMCI_Handler
                0x00401d76                UART1_Handler
                0x00401d76                TC3_Handler
                0x00401d76                Dummy_Handler
                0x00401d76                TWIHS1_Handler
                0x00401d76                XDMAC_Handler
                0x00401d76                UART4_Handler
                0x00401d76                PWM1_Handler
                0x00401d76                USART1_Handler
                0x00401d76                PWM0_Handler
                0x00401d76                AFEC0_Handler
                0x00401d76                CCW_Handler
                0x00401d76                SSC_Handler
                0x00401d76                TC11_Handler
                0x00401d76                ACC_Handler
                0x00401d76                PMC_Handler
                0x00401d76                GMAC_Handler
                0x00401d76                MCAN0_INT1_Handler
                0x00401d76                MemManage_Handler
                0x00401d76                SUPC_Handler
                0x00401d76                SVC_Handler
                0x00401d76                TC8_Handler
                0x00401d76                MCAN1_INT0_Handler
                0x00401d76                EFC_Handler
                0x00401d76                GMAC_Q1_Handler
                0x00401d76                USART2_Handler
                0x00401d76                SDRAMC_Handler
                0x00401d76                GMAC_Q2_Handler
                0x00401d76                SPI1_Handler
                0x00401d76                TC10_Handler
                0x00401d76                TWIHS2_Handler
                0x00401d76                UART0_Handler
                0x00401d76                FPU_Handler
                0x00401d76                BusFault_Handler
                0x00401d76                RSTC_Handler
                0x00401d76                TC0_Handler
                0x00401d76                TC5_Handler
                0x00401d76                ICM_Handler
                0x00401d76                AES_Handler
                0x00401d76                TWIHS0_Handler
                0x00401d76                SPI0_Handler
 .text.Reset_Handler
                0x00401d78       0xc8 src/ASF/sam/utils/cmsis/same70/source/templates/gcc/startup_same70.o
                0x00401d78                Reset_Handler
 .text.SystemCoreClockUpdate
                0x00401e40      0x10c src/ASF/sam/utils/cmsis/same70/source/templates/system_same70.o
                0x00401e40                SystemCoreClockUpdate
 .text.system_init_flash
                0x00401f4c       0x8c src/ASF/sam/utils/cmsis/same70/source/templates/system_same70.o
                0x00401f4c                system_init_flash
 .text._sbrk    0x00401fd8       0x38 src/ASF/sam/utils/syscalls/gcc/syscalls.o
                0x00401fd8                _sbrk
 .text._close   0x00402010        0x6 src/ASF/sam/utils/syscalls/gcc/syscalls.o
                0x00402010                _close
 .text._fstat   0x00402016        0xa src/ASF/sam/utils/syscalls/gcc/syscalls.o
                0x00402016                _fstat
 .text._isatty  0x00402020        0x4 src/ASF/sam/utils/syscalls/gcc/syscalls.o
                0x00402020                _isatty
 .text._lseek   0x00402024        0x4 src/ASF/sam/utils/syscalls/gcc/syscalls.o
                0x00402024                _lseek
 .text.check_door
                0x00402028       0x14 src/main.o
                0x00402028                check_door
 .text.draw_struct
                0x0040203c      0x114 src/main.o
 .text.usart_serial_getchar
                0x00402150       0xdc src/main.o
 .text.usart_serial_putchar
                0x0040222c       0xd4 src/main.o
 .text.initMenuOrder
                0x00402300       0x44 src/main.o
                0x00402300                initMenuOrder
 .text.select_screen
                0x00402344      0x16c src/main.o
 .text.open_customization
                0x004024b0       0xb4 src/main.o
 .text.change_value
                0x00402564      0x134 src/main.o
 .text.update_screen
                0x00402698      0x258 src/main.o
                0x00402698                update_screen
 .text.mxt_handler
                0x004028f0       0xa8 src/main.o
                0x004028f0                mxt_handler
 .text.mxt_debounce
                0x00402998       0x54 src/main.o
                0x00402998                mxt_debounce
 .text.io_init  0x004029ec       0x68 src/main.o
                0x004029ec                io_init
 .text.main     0x00402a54      0x26c src/main.o
                0x00402a54                main
 .text.__libc_init_array
                0x00402cc0       0x50 c:/program files (x86)/atmel/studio/7.0/toolchain/arm/arm-gnu-toolchain/bin/../lib/gcc/arm-none-eabi/6.3.1/../../../../arm-none-eabi/lib/thumb/v7e-m\libc.a(lib_a-init.o)
                0x00402cc0                __libc_init_array
 .text.iprintf  0x00402d10       0x28 c:/program files (x86)/atmel/studio/7.0/toolchain/arm/arm-gnu-toolchain/bin/../lib/gcc/arm-none-eabi/6.3.1/../../../../arm-none-eabi/lib/thumb/v7e-m\libc.a(lib_a-iprintf.o)
                0x00402d10                iprintf
 .text.malloc   0x00402d38       0x10 c:/program files (x86)/atmel/studio/7.0/toolchain/arm/arm-gnu-toolchain/bin/../lib/gcc/arm-none-eabi/6.3.1/../../../../arm-none-eabi/lib/thumb/v7e-m\libc.a(lib_a-malloc.o)
                0x00402d38                malloc
 .text._malloc_r
                0x00402d48      0x560 c:/program files (x86)/atmel/studio/7.0/toolchain/arm/arm-gnu-toolchain/bin/../lib/gcc/arm-none-eabi/6.3.1/../../../../arm-none-eabi/lib/thumb/v7e-m\libc.a(lib_a-mallocr.o)
                0x00402d48                _malloc_r
 .text          0x004032a8      0x134 c:/program files (x86)/atmel/studio/7.0/toolchain/arm/arm-gnu-toolchain/bin/../lib/gcc/arm-none-eabi/6.3.1/../../../../arm-none-eabi/lib/thumb/v7e-m\libc.a(lib_a-memcpy.o)
                0x004032a8                memcpy
 .text.memset   0x004033dc       0x9c c:/program files (x86)/atmel/studio/7.0/toolchain/arm/arm-gnu-toolchain/bin/../lib/gcc/arm-none-eabi/6.3.1/../../../../arm-none-eabi/lib/thumb/v7e-m\libc.a(lib_a-memset.o)
                0x004033dc                memset
 .text.__malloc_lock
                0x00403478        0xc c:/program files (x86)/atmel/studio/7.0/toolchain/arm/arm-gnu-toolchain/bin/../lib/gcc/arm-none-eabi/6.3.1/../../../../arm-none-eabi/lib/thumb/v7e-m\libc.a(lib_a-mlock.o)
                0x00403478                __malloc_lock
 .text.__malloc_unlock
                0x00403484        0xc c:/program files (x86)/atmel/studio/7.0/toolchain/arm/arm-gnu-toolchain/bin/../lib/gcc/arm-none-eabi/6.3.1/../../../../arm-none-eabi/lib/thumb/v7e-m\libc.a(lib_a-mlock.o)
                0x00403484                __malloc_unlock
 .text._sbrk_r  0x00403490       0x24 c:/program files (x86)/atmel/studio/7.0/toolchain/arm/arm-gnu-toolchain/bin/../lib/gcc/arm-none-eabi/6.3.1/../../../../arm-none-eabi/lib/thumb/v7e-m\libc.a(lib_a-sbrkr.o)
                0x00403490                _sbrk_r
 .text.setbuf   0x004034b4       0x10 c:/program files (x86)/atmel/studio/7.0/toolchain/arm/arm-gnu-toolchain/bin/../lib/gcc/arm-none-eabi/6.3.1/../../../../arm-none-eabi/lib/thumb/v7e-m\libc.a(lib_a-setbuf.o)
                0x004034b4                setbuf
 .text.setvbuf  0x004034c4      0x190 c:/program files (x86)/atmel/studio/7.0/toolchain/arm/arm-gnu-toolchain/bin/../lib/gcc/arm-none-eabi/6.3.1/../../../../arm-none-eabi/lib/thumb/v7e-m\libc.a(lib_a-setvbuf.o)
                0x004034c4                setvbuf
 .text.sprintf  0x00403654       0x4c c:/program files (x86)/atmel/studio/7.0/toolchain/arm/arm-gnu-toolchain/bin/../lib/gcc/arm-none-eabi/6.3.1/../../../../arm-none-eabi/lib/thumb/v7e-m\libc.a(lib_a-sprintf.o)
                0x00403654                sprintf
 .text.strcat   0x004036a0       0x40 c:/program files (x86)/atmel/studio/7.0/toolchain/arm/arm-gnu-toolchain/bin/../lib/gcc/arm-none-eabi/6.3.1/../../../../arm-none-eabi/lib/thumb/v7e-m\libc.a(lib_a-strcat.o)
                0x004036a0                strcat
 .text.strcpy   0x004036e0       0xbc c:/program files (x86)/atmel/studio/7.0/toolchain/arm/arm-gnu-toolchain/bin/../lib/gcc/arm-none-eabi/6.3.1/../../../../arm-none-eabi/lib/thumb/v7e-m\libc.a(lib_a-strcpy.o)
                0x004036e0                strcpy
 *fill*         0x0040379c       0x24 
 .text          0x004037c0       0xdc c:/program files (x86)/atmel/studio/7.0/toolchain/arm/arm-gnu-toolchain/bin/../lib/gcc/arm-none-eabi/6.3.1/../../../../arm-none-eabi/lib/thumb/v7e-m\libc.a(lib_a-strlen.o)
                0x004037c0                strlen
 .text._svfprintf_r
                0x0040389c     0x145c c:/program files (x86)/atmel/studio/7.0/toolchain/arm/arm-gnu-toolchain/bin/../lib/gcc/arm-none-eabi/6.3.1/../../../../arm-none-eabi/lib/thumb/v7e-m\libc.a(lib_a-svfprintf.o)
                0x0040389c                _svfprintf_r
 .text.__sprint_r.part.0
                0x00404cf8       0x80 c:/program files (x86)/atmel/studio/7.0/toolchain/arm/arm-gnu-toolchain/bin/../lib/gcc/arm-none-eabi/6.3.1/../../../../arm-none-eabi/lib/thumb/v7e-m\libc.a(lib_a-vfiprintf.o)
 .text._vfiprintf_r
                0x00404d78      0xc90 c:/program files (x86)/atmel/studio/7.0/toolchain/arm/arm-gnu-toolchain/bin/../lib/gcc/arm-none-eabi/6.3.1/../../../../arm-none-eabi/lib/thumb/v7e-m\libc.a(lib_a-vfiprintf.o)
                0x00404d78                _vfiprintf_r
 .text.__sbprintf
                0x00405a08       0x84 c:/program files (x86)/atmel/studio/7.0/toolchain/arm/arm-gnu-toolchain/bin/../lib/gcc/arm-none-eabi/6.3.1/../../../../arm-none-eabi/lib/thumb/v7e-m\libc.a(lib_a-vfiprintf.o)
 .text.__swsetup_r
                0x00405a8c       0xc8 c:/program files (x86)/atmel/studio/7.0/toolchain/arm/arm-gnu-toolchain/bin/../lib/gcc/arm-none-eabi/6.3.1/../../../../arm-none-eabi/lib/thumb/v7e-m\libc.a(lib_a-wsetup.o)
                0x00405a8c                __swsetup_r
 .text.startup.register_fini
                0x00405b54       0x14 c:/program files (x86)/atmel/studio/7.0/toolchain/arm/arm-gnu-toolchain/bin/../lib/gcc/arm-none-eabi/6.3.1/../../../../arm-none-eabi/lib/thumb/v7e-m\libc.a(lib_a-__call_atexit.o)
 .text.atexit   0x00405b68        0xc c:/program files (x86)/atmel/studio/7.0/toolchain/arm/arm-gnu-toolchain/bin/../lib/gcc/arm-none-eabi/6.3.1/../../../../arm-none-eabi/lib/thumb/v7e-m\libc.a(lib_a-atexit.o)
                0x00405b68                atexit
 .text.quorem   0x00405b74      0x128 c:/program files (x86)/atmel/studio/7.0/toolchain/arm/arm-gnu-toolchain/bin/../lib/gcc/arm-none-eabi/6.3.1/../../../../arm-none-eabi/lib/thumb/v7e-m\libc.a(lib_a-dtoa.o)
 *fill*         0x00405c9c        0x4 
 .text._dtoa_r  0x00405ca0      0xe54 c:/program files (x86)/atmel/studio/7.0/toolchain/arm/arm-gnu-toolchain/bin/../lib/gcc/arm-none-eabi/6.3.1/../../../../arm-none-eabi/lib/thumb/v7e-m\libc.a(lib_a-dtoa.o)
                0x00405ca0                _dtoa_r
 .text.__sflush_r
                0x00406af4      0x140 c:/program files (x86)/atmel/studio/7.0/toolchain/arm/arm-gnu-toolchain/bin/../lib/gcc/arm-none-eabi/6.3.1/../../../../arm-none-eabi/lib/thumb/v7e-m\libc.a(lib_a-fflush.o)
                0x00406af4                __sflush_r
 .text._fflush_r
                0x00406c34       0x54 c:/program files (x86)/atmel/studio/7.0/toolchain/arm/arm-gnu-toolchain/bin/../lib/gcc/arm-none-eabi/6.3.1/../../../../arm-none-eabi/lib/thumb/v7e-m\libc.a(lib_a-fflush.o)
                0x00406c34                _fflush_r
 .text._cleanup_r
                0x00406c88        0xc c:/program files (x86)/atmel/studio/7.0/toolchain/arm/arm-gnu-toolchain/bin/../lib/gcc/arm-none-eabi/6.3.1/../../../../arm-none-eabi/lib/thumb/v7e-m\libc.a(lib_a-findfp.o)
                0x00406c88                _cleanup_r
 .text.std.isra.0
                0x00406c94       0x50 c:/program files (x86)/atmel/studio/7.0/toolchain/arm/arm-gnu-toolchain/bin/../lib/gcc/arm-none-eabi/6.3.1/../../../../arm-none-eabi/lib/thumb/v7e-m\libc.a(lib_a-findfp.o)
 .text.__sinit  0x00406ce4       0x58 c:/program files (x86)/atmel/studio/7.0/toolchain/arm/arm-gnu-toolchain/bin/../lib/gcc/arm-none-eabi/6.3.1/../../../../arm-none-eabi/lib/thumb/v7e-m\libc.a(lib_a-findfp.o)
                0x00406ce4                __sinit
 .text.__sfp_lock_acquire
                0x00406d3c        0xc c:/program files (x86)/atmel/studio/7.0/toolchain/arm/arm-gnu-toolchain/bin/../lib/gcc/arm-none-eabi/6.3.1/../../../../arm-none-eabi/lib/thumb/v7e-m\libc.a(lib_a-findfp.o)
                0x00406d3c                __sfp_lock_acquire
 .text.__sfp_lock_release
                0x00406d48        0xc c:/program files (x86)/atmel/studio/7.0/toolchain/arm/arm-gnu-toolchain/bin/../lib/gcc/arm-none-eabi/6.3.1/../../../../arm-none-eabi/lib/thumb/v7e-m\libc.a(lib_a-findfp.o)
                0x00406d48                __sfp_lock_release
 .text.__libc_fini_array
                0x00406d54       0x34 c:/program files (x86)/atmel/studio/7.0/toolchain/arm/arm-gnu-toolchain/bin/../lib/gcc/arm-none-eabi/6.3.1/../../../../arm-none-eabi/lib/thumb/v7e-m\libc.a(lib_a-fini.o)
                0x00406d54                __libc_fini_array
 .text.__fputwc
                0x00406d88       0xa0 c:/program files (x86)/atmel/studio/7.0/toolchain/arm/arm-gnu-toolchain/bin/../lib/gcc/arm-none-eabi/6.3.1/../../../../arm-none-eabi/lib/thumb/v7e-m\libc.a(lib_a-fputwc.o)
                0x00406d88                __fputwc
 .text._fputwc_r
                0x00406e28       0x68 c:/program files (x86)/atmel/studio/7.0/toolchain/arm/arm-gnu-toolchain/bin/../lib/gcc/arm-none-eabi/6.3.1/../../../../arm-none-eabi/lib/thumb/v7e-m\libc.a(lib_a-fputwc.o)
                0x00406e28                _fputwc_r
 .text._malloc_trim_r
                0x00406e90       0xa0 c:/program files (x86)/atmel/studio/7.0/toolchain/arm/arm-gnu-toolchain/bin/../lib/gcc/arm-none-eabi/6.3.1/../../../../arm-none-eabi/lib/thumb/v7e-m\libc.a(lib_a-freer.o)
                0x00406e90                _malloc_trim_r
 .text._free_r  0x00406f30      0x1cc c:/program files (x86)/atmel/studio/7.0/toolchain/arm/arm-gnu-toolchain/bin/../lib/gcc/arm-none-eabi/6.3.1/../../../../arm-none-eabi/lib/thumb/v7e-m\libc.a(lib_a-freer.o)
                0x00406f30                _free_r
 .text.__sfvwrite_r
                0x004070fc      0x2f0 c:/program files (x86)/atmel/studio/7.0/toolchain/arm/arm-gnu-toolchain/bin/../lib/gcc/arm-none-eabi/6.3.1/../../../../arm-none-eabi/lib/thumb/v7e-m\libc.a(lib_a-fvwrite.o)
                0x004070fc                __sfvwrite_r
 .text._fwalk_reent
                0x004073ec       0x54 c:/program files (x86)/atmel/studio/7.0/toolchain/arm/arm-gnu-toolchain/bin/../lib/gcc/arm-none-eabi/6.3.1/../../../../arm-none-eabi/lib/thumb/v7e-m\libc.a(lib_a-fwalk.o)
                0x004073ec                _fwalk_reent
 .text.__locale_mb_cur_max
                0x00407440       0x1c c:/program files (x86)/atmel/studio/7.0/toolchain/arm/arm-gnu-toolchain/bin/../lib/gcc/arm-none-eabi/6.3.1/../../../../arm-none-eabi/lib/thumb/v7e-m\libc.a(lib_a-locale.o)
                0x00407440                __locale_mb_cur_max
 .text._localeconv_r
                0x0040745c       0x1c c:/program files (x86)/atmel/studio/7.0/toolchain/arm/arm-gnu-toolchain/bin/../lib/gcc/arm-none-eabi/6.3.1/../../../../arm-none-eabi/lib/thumb/v7e-m\libc.a(lib_a-localeconv.o)
                0x0040745c                _localeconv_r
 .text.__retarget_lock_init_recursive
                0x00407478        0x4 c:/program files (x86)/atmel/studio/7.0/toolchain/arm/arm-gnu-toolchain/bin/../lib/gcc/arm-none-eabi/6.3.1/../../../../arm-none-eabi/lib/thumb/v7e-m\libc.a(lib_a-lock.o)
                0x00407478                __retarget_lock_init_recursive
 .text.__retarget_lock_close_recursive
                0x0040747c        0x4 c:/program files (x86)/atmel/studio/7.0/toolchain/arm/arm-gnu-toolchain/bin/../lib/gcc/arm-none-eabi/6.3.1/../../../../arm-none-eabi/lib/thumb/v7e-m\libc.a(lib_a-lock.o)
                0x0040747c                __retarget_lock_close_recursive
 .text.__retarget_lock_acquire_recursive
                0x00407480        0x4 c:/program files (x86)/atmel/studio/7.0/toolchain/arm/arm-gnu-toolchain/bin/../lib/gcc/arm-none-eabi/6.3.1/../../../../arm-none-eabi/lib/thumb/v7e-m\libc.a(lib_a-lock.o)
                0x00407480                __retarget_lock_acquire_recursive
 .text.__retarget_lock_release_recursive
                0x00407484        0x4 c:/program files (x86)/atmel/studio/7.0/toolchain/arm/arm-gnu-toolchain/bin/../lib/gcc/arm-none-eabi/6.3.1/../../../../arm-none-eabi/lib/thumb/v7e-m\libc.a(lib_a-lock.o)
                0x00407484                __retarget_lock_release_recursive
 .text.__swhatbuf_r
                0x00407488       0x5c c:/program files (x86)/atmel/studio/7.0/toolchain/arm/arm-gnu-toolchain/bin/../lib/gcc/arm-none-eabi/6.3.1/../../../../arm-none-eabi/lib/thumb/v7e-m\libc.a(lib_a-makebuf.o)
                0x00407488                __swhatbuf_r
 .text.__smakebuf_r
                0x004074e4       0x94 c:/program files (x86)/atmel/studio/7.0/toolchain/arm/arm-gnu-toolchain/bin/../lib/gcc/arm-none-eabi/6.3.1/../../../../arm-none-eabi/lib/thumb/v7e-m\libc.a(lib_a-makebuf.o)
                0x004074e4                __smakebuf_r
 .text.__ascii_mbtowc
                0x00407578       0x2c c:/program files (x86)/atmel/studio/7.0/toolchain/arm/arm-gnu-toolchain/bin/../lib/gcc/arm-none-eabi/6.3.1/../../../../arm-none-eabi/lib/thumb/v7e-m\libc.a(lib_a-mbtowc_r.o)
                0x00407578                __ascii_mbtowc
 *fill*         0x004075a4        0xc 
 .text          0x004075b0       0xa0 c:/program files (x86)/atmel/studio/7.0/toolchain/arm/arm-gnu-toolchain/bin/../lib/gcc/arm-none-eabi/6.3.1/../../../../arm-none-eabi/lib/thumb/v7e-m\libc.a(lib_a-memchr.o)
                0x004075b0                memchr
 .text.memmove  0x00407650       0xc8 c:/program files (x86)/atmel/studio/7.0/toolchain/arm/arm-gnu-toolchain/bin/../lib/gcc/arm-none-eabi/6.3.1/../../../../arm-none-eabi/lib/thumb/v7e-m\libc.a(lib_a-memmove.o)
                0x00407650                memmove
 .text._Balloc  0x00407718       0x4c c:/program files (x86)/atmel/studio/7.0/toolchain/arm/arm-gnu-toolchain/bin/../lib/gcc/arm-none-eabi/6.3.1/../../../../arm-none-eabi/lib/thumb/v7e-m\libc.a(lib_a-mprec.o)
                0x00407718                _Balloc
 .text._Bfree   0x00407764       0x14 c:/program files (x86)/atmel/studio/7.0/toolchain/arm/arm-gnu-toolchain/bin/../lib/gcc/arm-none-eabi/6.3.1/../../../../arm-none-eabi/lib/thumb/v7e-m\libc.a(lib_a-mprec.o)
                0x00407764                _Bfree
 .text.__multadd
                0x00407778       0x80 c:/program files (x86)/atmel/studio/7.0/toolchain/arm/arm-gnu-toolchain/bin/../lib/gcc/arm-none-eabi/6.3.1/../../../../arm-none-eabi/lib/thumb/v7e-m\libc.a(lib_a-mprec.o)
                0x00407778                __multadd
 .text.__hi0bits
                0x004077f8       0x40 c:/program files (x86)/atmel/studio/7.0/toolchain/arm/arm-gnu-toolchain/bin/../lib/gcc/arm-none-eabi/6.3.1/../../../../arm-none-eabi/lib/thumb/v7e-m\libc.a(lib_a-mprec.o)
                0x004077f8                __hi0bits
 .text.__lo0bits
                0x00407838       0x60 c:/program files (x86)/atmel/studio/7.0/toolchain/arm/arm-gnu-toolchain/bin/../lib/gcc/arm-none-eabi/6.3.1/../../../../arm-none-eabi/lib/thumb/v7e-m\libc.a(lib_a-mprec.o)
                0x00407838                __lo0bits
 .text.__i2b    0x00407898       0x14 c:/program files (x86)/atmel/studio/7.0/toolchain/arm/arm-gnu-toolchain/bin/../lib/gcc/arm-none-eabi/6.3.1/../../../../arm-none-eabi/lib/thumb/v7e-m\libc.a(lib_a-mprec.o)
                0x00407898                __i2b
 .text.__multiply
                0x004078ac      0x124 c:/program files (x86)/atmel/studio/7.0/toolchain/arm/arm-gnu-toolchain/bin/../lib/gcc/arm-none-eabi/6.3.1/../../../../arm-none-eabi/lib/thumb/v7e-m\libc.a(lib_a-mprec.o)
                0x004078ac                __multiply
 .text.__pow5mult
                0x004079d0       0xa0 c:/program files (x86)/atmel/studio/7.0/toolchain/arm/arm-gnu-toolchain/bin/../lib/gcc/arm-none-eabi/6.3.1/../../../../arm-none-eabi/lib/thumb/v7e-m\libc.a(lib_a-mprec.o)
                0x004079d0                __pow5mult
 .text.__lshift
                0x00407a70       0xa4 c:/program files (x86)/atmel/studio/7.0/toolchain/arm/arm-gnu-toolchain/bin/../lib/gcc/arm-none-eabi/6.3.1/../../../../arm-none-eabi/lib/thumb/v7e-m\libc.a(lib_a-mprec.o)
                0x00407a70                __lshift
 .text.__mcmp   0x00407b14       0x38 c:/program files (x86)/atmel/studio/7.0/toolchain/arm/arm-gnu-toolchain/bin/../lib/gcc/arm-none-eabi/6.3.1/../../../../arm-none-eabi/lib/thumb/v7e-m\libc.a(lib_a-mprec.o)
                0x00407b14                __mcmp
 .text.__mdiff  0x00407b4c      0x108 c:/program files (x86)/atmel/studio/7.0/toolchain/arm/arm-gnu-toolchain/bin/../lib/gcc/arm-none-eabi/6.3.1/../../../../arm-none-eabi/lib/thumb/v7e-m\libc.a(lib_a-mprec.o)
                0x00407b4c                __mdiff
 .text.__d2b    0x00407c54       0xb8 c:/program files (x86)/atmel/studio/7.0/toolchain/arm/arm-gnu-toolchain/bin/../lib/gcc/arm-none-eabi/6.3.1/../../../../arm-none-eabi/lib/thumb/v7e-m\libc.a(lib_a-mprec.o)
                0x00407c54                __d2b
 .text._realloc_r
                0x00407d0c      0x34c c:/program files (x86)/atmel/studio/7.0/toolchain/arm/arm-gnu-toolchain/bin/../lib/gcc/arm-none-eabi/6.3.1/../../../../arm-none-eabi/lib/thumb/v7e-m\libc.a(lib_a-reallocr.o)
                0x00407d0c                _realloc_r
 .text.__sread  0x00408058       0x24 c:/program files (x86)/atmel/studio/7.0/toolchain/arm/arm-gnu-toolchain/bin/../lib/gcc/arm-none-eabi/6.3.1/../../../../arm-none-eabi/lib/thumb/v7e-m\libc.a(lib_a-stdio.o)
                0x00408058                __sread
 .text.__swrite
                0x0040807c       0x3c c:/program files (x86)/atmel/studio/7.0/toolchain/arm/arm-gnu-toolchain/bin/../lib/gcc/arm-none-eabi/6.3.1/../../../../arm-none-eabi/lib/thumb/v7e-m\libc.a(lib_a-stdio.o)
                0x0040807c                __swrite
 .text.__sseek  0x004080b8       0x20 c:/program files (x86)/atmel/studio/7.0/toolchain/arm/arm-gnu-toolchain/bin/../lib/gcc/arm-none-eabi/6.3.1/../../../../arm-none-eabi/lib/thumb/v7e-m\libc.a(lib_a-stdio.o)
                0x004080b8                __sseek
 .text.__sclose
                0x004080d8        0x8 c:/program files (x86)/atmel/studio/7.0/toolchain/arm/arm-gnu-toolchain/bin/../lib/gcc/arm-none-eabi/6.3.1/../../../../arm-none-eabi/lib/thumb/v7e-m\libc.a(lib_a-stdio.o)
                0x004080d8                __sclose
 .text.__ssprint_r
                0x004080e0       0xfc c:/program files (x86)/atmel/studio/7.0/toolchain/arm/arm-gnu-toolchain/bin/../lib/gcc/arm-none-eabi/6.3.1/../../../../arm-none-eabi/lib/thumb/v7e-m\libc.a(lib_a-svfiprintf.o)
                0x004080e0                __ssprint_r
 .text.__swbuf_r
                0x004081dc       0xb0 c:/program files (x86)/atmel/studio/7.0/toolchain/arm/arm-gnu-toolchain/bin/../lib/gcc/arm-none-eabi/6.3.1/../../../../arm-none-eabi/lib/thumb/v7e-m\libc.a(lib_a-wbuf.o)
                0x004081dc                __swbuf_r
 .text._wcrtomb_r
                0x0040828c       0x54 c:/program files (x86)/atmel/studio/7.0/toolchain/arm/arm-gnu-toolchain/bin/../lib/gcc/arm-none-eabi/6.3.1/../../../../arm-none-eabi/lib/thumb/v7e-m\libc.a(lib_a-wcrtomb.o)
                0x0040828c                _wcrtomb_r
 .text.__ascii_wctomb
                0x004082e0       0x1c c:/program files (x86)/atmel/studio/7.0/toolchain/arm/arm-gnu-toolchain/bin/../lib/gcc/arm-none-eabi/6.3.1/../../../../arm-none-eabi/lib/thumb/v7e-m\libc.a(lib_a-wctomb_r.o)
                0x004082e0                __ascii_wctomb
 .text._write_r
                0x004082fc       0x2c c:/program files (x86)/atmel/studio/7.0/toolchain/arm/arm-gnu-toolchain/bin/../lib/gcc/arm-none-eabi/6.3.1/../../../../arm-none-eabi/lib/thumb/v7e-m\libc.a(lib_a-writer.o)
                0x004082fc                _write_r
 .text.__register_exitproc
                0x00408328       0xc4 c:/program files (x86)/atmel/studio/7.0/toolchain/arm/arm-gnu-toolchain/bin/../lib/gcc/arm-none-eabi/6.3.1/../../../../arm-none-eabi/lib/thumb/v7e-m\libc.a(lib_a-__atexit.o)
                0x00408328                __register_exitproc
 .text._calloc_r
                0x004083ec       0x60 c:/program files (x86)/atmel/studio/7.0/toolchain/arm/arm-gnu-toolchain/bin/../lib/gcc/arm-none-eabi/6.3.1/../../../../arm-none-eabi/lib/thumb/v7e-m\libc.a(lib_a-callocr.o)
                0x004083ec                _calloc_r
 .text._close_r
                0x0040844c       0x24 c:/program files (x86)/atmel/studio/7.0/toolchain/arm/arm-gnu-toolchain/bin/../lib/gcc/arm-none-eabi/6.3.1/../../../../arm-none-eabi/lib/thumb/v7e-m\libc.a(lib_a-closer.o)
                0x0040844c                _close_r
 .text._fclose_r
                0x00408470       0xc4 c:/program files (x86)/atmel/studio/7.0/toolchain/arm/arm-gnu-toolchain/bin/../lib/gcc/arm-none-eabi/6.3.1/../../../../arm-none-eabi/lib/thumb/v7e-m\libc.a(lib_a-fclose.o)
                0x00408470                _fclose_r
 .text._fstat_r
                0x00408534       0x28 c:/program files (x86)/atmel/studio/7.0/toolchain/arm/arm-gnu-toolchain/bin/../lib/gcc/arm-none-eabi/6.3.1/../../../../arm-none-eabi/lib/thumb/v7e-m\libc.a(lib_a-fstatr.o)
                0x00408534                _fstat_r
 .text._isatty_r
                0x0040855c       0x24 c:/program files (x86)/atmel/studio/7.0/toolchain/arm/arm-gnu-toolchain/bin/../lib/gcc/arm-none-eabi/6.3.1/../../../../arm-none-eabi/lib/thumb/v7e-m\libc.a(lib_a-isattyr.o)
                0x0040855c                _isatty_r
 .text._lseek_r
                0x00408580       0x2c c:/program files (x86)/atmel/studio/7.0/toolchain/arm/arm-gnu-toolchain/bin/../lib/gcc/arm-none-eabi/6.3.1/../../../../arm-none-eabi/lib/thumb/v7e-m\libc.a(lib_a-lseekr.o)
                0x00408580                _lseek_r
 .text._read_r  0x004085ac       0x2c c:/program files (x86)/atmel/studio/7.0/toolchain/arm/arm-gnu-toolchain/bin/../lib/gcc/arm-none-eabi/6.3.1/../../../../arm-none-eabi/lib/thumb/v7e-m\libc.a(lib_a-readr.o)
                0x004085ac                _read_r
 .text          0x004085d8      0x370 c:/program files (x86)/atmel/studio/7.0/toolchain/arm/arm-gnu-toolchain/bin/../lib/gcc/arm-none-eabi/6.3.1/thumb/v7e-m\libgcc.a(_arm_addsubdf3.o)
                0x004085d8                __aeabi_drsub
                0x004085e0                __aeabi_dsub
                0x004085e0                __subdf3
                0x004085e4                __aeabi_dadd
                0x004085e4                __adddf3
                0x0040885c                __floatunsidf
                0x0040885c                __aeabi_ui2d
                0x0040887c                __floatsidf
                0x0040887c                __aeabi_i2d
                0x004088a0                __aeabi_f2d
                0x004088a0                __extendsfdf2
                0x004088dc                __floatundidf
                0x004088dc                __aeabi_ul2d
                0x004088ec                __floatdidf
                0x004088ec                __aeabi_l2d
 .text          0x00408948      0x424 c:/program files (x86)/atmel/studio/7.0/toolchain/arm/arm-gnu-toolchain/bin/../lib/gcc/arm-none-eabi/6.3.1/thumb/v7e-m\libgcc.a(_arm_muldivdf3.o)
                0x00408948                __aeabi_dmul
                0x00408948                __muldf3
                0x00408b9c                __divdf3
                0x00408b9c                __aeabi_ddiv
 .text          0x00408d6c      0x110 c:/program files (x86)/atmel/studio/7.0/toolchain/arm/arm-gnu-toolchain/bin/../lib/gcc/arm-none-eabi/6.3.1/thumb/v7e-m\libgcc.a(_arm_cmpdf2.o)
                0x00408d6c                __gtdf2
                0x00408d6c                __gedf2
                0x00408d74                __ltdf2
                0x00408d74                __ledf2
                0x00408d7c                __nedf2
                0x00408d7c                __eqdf2
                0x00408d7c                __cmpdf2
                0x00408df8                __aeabi_cdrcmple
                0x00408e08                __aeabi_cdcmpeq
                0x00408e08                __aeabi_cdcmple
                0x00408e18                __aeabi_dcmpeq
                0x00408e2c                __aeabi_dcmplt
                0x00408e40                __aeabi_dcmple
                0x00408e54                __aeabi_dcmpge
                0x00408e68                __aeabi_dcmpgt
 .text          0x00408e7c       0x2c c:/program files (x86)/atmel/studio/7.0/toolchain/arm/arm-gnu-toolchain/bin/../lib/gcc/arm-none-eabi/6.3.1/thumb/v7e-m\libgcc.a(_arm_unorddf2.o)
                0x00408e7c                __unorddf2
                0x00408e7c                __aeabi_dcmpun
 .text          0x00408ea8       0x50 c:/program files (x86)/atmel/studio/7.0/toolchain/arm/arm-gnu-toolchain/bin/../lib/gcc/arm-none-eabi/6.3.1/thumb/v7e-m\libgcc.a(_arm_fixdfsi.o)
                0x00408ea8                __aeabi_d2iz
                0x00408ea8                __fixdfsi
 .text          0x00408ef8       0x30 c:/program files (x86)/atmel/studio/7.0/toolchain/arm/arm-gnu-toolchain/bin/../lib/gcc/arm-none-eabi/6.3.1/thumb/v7e-m\libgcc.a(_aeabi_uldivmod.o)
                0x00408ef8                __aeabi_uldivmod
 .text          0x00408f28      0x2dc c:/program files (x86)/atmel/studio/7.0/toolchain/arm/arm-gnu-toolchain/bin/../lib/gcc/arm-none-eabi/6.3.1/thumb/v7e-m\libgcc.a(_udivmoddi4.o)
                0x00408f28                __udivmoddi4
 .text          0x00409204        0x4 c:/program files (x86)/atmel/studio/7.0/toolchain/arm/arm-gnu-toolchain/bin/../lib/gcc/arm-none-eabi/6.3.1/thumb/v7e-m\libgcc.a(_dvmd_tls.o)
                0x00409204                __aeabi_idiv0
                0x00409204                __aeabi_ldiv0
 *(.glue_7t)
 .glue_7t       0x00409208        0x0 linker stubs
 *(.glue_7)
 .glue_7        0x00409208        0x0 linker stubs
 *(.rodata .rodata* .gnu.linkonce.r.*)
 .rodata.p_uc_charset10x14
                0x00409208      0x780 src/ASF/sam/components/display/ili9488/ili9488.o
                0x00409208                p_uc_charset10x14
 .rodata        0x00409988       0x5d src/main.o
 *fill*         0x004099e5        0x3 
 .rodata.change_value.str1.4
                0x004099e8        0x3 src/main.o
                                  0x7 (size before relaxing)
 *fill*         0x004099eb        0x1 
 .rodata.draw_struct.str1.4
                0x004099ec       0x90 src/main.o
 .rodata.image_data_arrowdown
                0x00409a7c     0x2a30 src/main.o
 .rodata.image_data_arrowup
                0x0040c4ac     0x2a30 src/main.o
 .rodata.image_data_backarrow
                0x0040eedc      0xa8c src/main.o
 .rodata.image_data_centrifuge
                0x0040f968     0x5eec src/main.o
 .rodata.image_data_circleoutline
                0x00415854     0x2a30 src/main.o
 .rodata.image_data_custom
                0x00418284     0x5eec src/main.o
 .rodata.image_data_daily
                0x0041e170     0x5eec src/main.o
 .rodata.image_data_fast
                0x0042405c     0x5eec src/main.o
 .rodata.image_data_heavy
                0x00429f48     0x5eec src/main.o
 .rodata.image_data_left_arrow
                0x0042fe34     0x2a30 src/main.o
 .rodata.image_data_right_arrow
                0x00432864     0x2a30 src/main.o
 .rodata.image_data_rinse
                0x00435294     0x5eec src/main.o
 .rodata.image_data_run
                0x0043b180     0x396c src/main.o
 .rodata.image_data_stop
                0x0043eaec     0x7530 src/main.o
 .rodata.main.str1.4
                0x0044601c       0x24 src/main.o
 .rodata.mxt_handler.str1.4
                0x00446040       0x37 src/main.o
 *fill*         0x00446077        0x1 
 .rodata.select_screen.str1.4
                0x00446078        0xc src/main.o
 .rodata.update_screen.str1.4
                0x00446084       0x25 src/main.o
 *fill*         0x004460a9        0x3 
 .rodata._global_impure_ptr
                0x004460ac        0x4 c:/program files (x86)/atmel/studio/7.0/toolchain/arm/arm-gnu-toolchain/bin/../lib/gcc/arm-none-eabi/6.3.1/../../../../arm-none-eabi/lib/thumb/v7e-m\libc.a(lib_a-impure.o)
                0x004460ac                _global_impure_ptr
 .rodata._svfprintf_r.str1.4
                0x004460b0       0x42 c:/program files (x86)/atmel/studio/7.0/toolchain/arm/arm-gnu-toolchain/bin/../lib/gcc/arm-none-eabi/6.3.1/../../../../arm-none-eabi/lib/thumb/v7e-m\libc.a(lib_a-svfprintf.o)
 *fill*         0x004460f2        0x2 
 .rodata.blanks.7223
                0x004460f4       0x10 c:/program files (x86)/atmel/studio/7.0/toolchain/arm/arm-gnu-toolchain/bin/../lib/gcc/arm-none-eabi/6.3.1/../../../../arm-none-eabi/lib/thumb/v7e-m\libc.a(lib_a-svfprintf.o)
 .rodata.zeroes.7224
                0x00446104       0x10 c:/program files (x86)/atmel/studio/7.0/toolchain/arm/arm-gnu-toolchain/bin/../lib/gcc/arm-none-eabi/6.3.1/../../../../arm-none-eabi/lib/thumb/v7e-m\libc.a(lib_a-svfprintf.o)
 .rodata._vfiprintf_r.str1.4
                0x00446114       0x2f c:/program files (x86)/atmel/studio/7.0/toolchain/arm/arm-gnu-toolchain/bin/../lib/gcc/arm-none-eabi/6.3.1/../../../../arm-none-eabi/lib/thumb/v7e-m\libc.a(lib_a-vfiprintf.o)
 .rodata.blanks.7217
                0x00446114       0x10 c:/program files (x86)/atmel/studio/7.0/toolchain/arm/arm-gnu-toolchain/bin/../lib/gcc/arm-none-eabi/6.3.1/../../../../arm-none-eabi/lib/thumb/v7e-m\libc.a(lib_a-vfiprintf.o)
 .rodata.zeroes.7218
                0x00446124       0x10 c:/program files (x86)/atmel/studio/7.0/toolchain/arm/arm-gnu-toolchain/bin/../lib/gcc/arm-none-eabi/6.3.1/../../../../arm-none-eabi/lib/thumb/v7e-m\libc.a(lib_a-vfiprintf.o)
 .rodata._dtoa_r.str1.4
                0x00446134       0x10 c:/program files (x86)/atmel/studio/7.0/toolchain/arm/arm-gnu-toolchain/bin/../lib/gcc/arm-none-eabi/6.3.1/../../../../arm-none-eabi/lib/thumb/v7e-m\libc.a(lib_a-dtoa.o)
                                 0x12 (size before relaxing)
 .rodata._setlocale_r.str1.4
                0x00446144        0xa c:/program files (x86)/atmel/studio/7.0/toolchain/arm/arm-gnu-toolchain/bin/../lib/gcc/arm-none-eabi/6.3.1/../../../../arm-none-eabi/lib/thumb/v7e-m\libc.a(lib_a-locale.o)
                                  0xd (size before relaxing)
 *fill*         0x0044614e        0x2 
 .rodata.str1.4
                0x00446150        0x4 c:/program files (x86)/atmel/studio/7.0/toolchain/arm/arm-gnu-toolchain/bin/../lib/gcc/arm-none-eabi/6.3.1/../../../../arm-none-eabi/lib/thumb/v7e-m\libc.a(lib_a-locale.o)
                                  0x2 (size before relaxing)
 *fill*         0x00446154        0x4 
 .rodata.__mprec_bigtens
                0x00446158       0x28 c:/program files (x86)/atmel/studio/7.0/toolchain/arm/arm-gnu-toolchain/bin/../lib/gcc/arm-none-eabi/6.3.1/../../../../arm-none-eabi/lib/thumb/v7e-m\libc.a(lib_a-mprec.o)
                0x00446158                __mprec_bigtens
 .rodata.__mprec_tens
                0x00446180       0xc8 c:/program files (x86)/atmel/studio/7.0/toolchain/arm/arm-gnu-toolchain/bin/../lib/gcc/arm-none-eabi/6.3.1/../../../../arm-none-eabi/lib/thumb/v7e-m\libc.a(lib_a-mprec.o)
                0x00446180                __mprec_tens
 .rodata.p05.6055
                0x00446248        0xc c:/program files (x86)/atmel/studio/7.0/toolchain/arm/arm-gnu-toolchain/bin/../lib/gcc/arm-none-eabi/6.3.1/../../../../arm-none-eabi/lib/thumb/v7e-m\libc.a(lib_a-mprec.o)
 .rodata._ctype_
                0x00446254      0x101 c:/program files (x86)/atmel/studio/7.0/toolchain/arm/arm-gnu-toolchain/bin/../lib/gcc/arm-none-eabi/6.3.1/../../../../arm-none-eabi/lib/thumb/v7e-m\libc.a(lib_a-ctype_.o)
                0x00446254                _ctype_
 *(.ARM.extab* .gnu.linkonce.armextab.*)
                0x00446358                . = ALIGN (0x4)
 *fill*         0x00446355        0x3 
 *(.init)
 .init          0x00446358        0x4 c:/program files (x86)/atmel/studio/7.0/toolchain/arm/arm-gnu-toolchain/bin/../lib/gcc/arm-none-eabi/6.3.1/thumb/v7e-m/crti.o
                0x00446358                _init
 .init          0x0044635c        0x8 c:/program files (x86)/atmel/studio/7.0/toolchain/arm/arm-gnu-toolchain/bin/../lib/gcc/arm-none-eabi/6.3.1/thumb/v7e-m/crtn.o
                0x00446364                . = ALIGN (0x4)
                0x00446364                __preinit_array_start = .
 *(.preinit_array)
                0x00446364                __preinit_array_end = .
                0x00446364                . = ALIGN (0x4)
                0x00446364                __init_array_start = .
 *(SORT(.init_array.*))
 .init_array.00000
                0x00446364        0x4 c:/program files (x86)/atmel/studio/7.0/toolchain/arm/arm-gnu-toolchain/bin/../lib/gcc/arm-none-eabi/6.3.1/../../../../arm-none-eabi/lib/thumb/v7e-m\libc.a(lib_a-__call_atexit.o)
 *(.init_array)
 .init_array    0x00446368        0x4 c:/program files (x86)/atmel/studio/7.0/toolchain/arm/arm-gnu-toolchain/bin/../lib/gcc/arm-none-eabi/6.3.1/thumb/v7e-m/crtbegin.o
                0x0044636c                __init_array_end = .
                0x0044636c                . = ALIGN (0x4)
 *crtbegin.o(.ctors)
 *(EXCLUDE_FILE(*crtend.o) .ctors)
 *(SORT(.ctors.*))
 *crtend.o(.ctors)
                0x0044636c                . = ALIGN (0x4)
 *(.fini)
 .fini          0x0044636c        0x4 c:/program files (x86)/atmel/studio/7.0/toolchain/arm/arm-gnu-toolchain/bin/../lib/gcc/arm-none-eabi/6.3.1/thumb/v7e-m/crti.o
                0x0044636c                _fini
 .fini          0x00446370        0x8 c:/program files (x86)/atmel/studio/7.0/toolchain/arm/arm-gnu-toolchain/bin/../lib/gcc/arm-none-eabi/6.3.1/thumb/v7e-m/crtn.o
                0x00446378                . = ALIGN (0x4)
                0x00446378                __fini_array_start = .
 *(.fini_array)
 .fini_array    0x00446378        0x4 c:/program files (x86)/atmel/studio/7.0/toolchain/arm/arm-gnu-toolchain/bin/../lib/gcc/arm-none-eabi/6.3.1/thumb/v7e-m/crtbegin.o
 *(SORT(.fini_array.*))
                0x0044637c                __fini_array_end = .
 *crtbegin.o(.dtors)
 *(EXCLUDE_FILE(*crtend.o) .dtors)
 *(SORT(.dtors.*))
 *crtend.o(.dtors)
                0x0044637c                . = ALIGN (0x4)
                0x0044637c                _efixed = .
                [!provide]                PROVIDE (__exidx_start, .)

.vfp11_veneer   0x0044637c        0x0
 .vfp11_veneer  0x0044637c        0x0 linker stubs

.v4_bx          0x0044637c        0x0
 .v4_bx         0x0044637c        0x0 linker stubs

.iplt           0x0044637c        0x0
 .iplt          0x0044637c        0x0 c:/program files (x86)/atmel/studio/7.0/toolchain/arm/arm-gnu-toolchain/bin/../lib/gcc/arm-none-eabi/6.3.1/thumb/v7e-m/crtbegin.o

.ARM.exidx      0x0044637c        0x8
 *(.ARM.exidx* .gnu.linkonce.armexidx.*)
 .ARM.exidx     0x0044637c        0x8 c:/program files (x86)/atmel/studio/7.0/toolchain/arm/arm-gnu-toolchain/bin/../lib/gcc/arm-none-eabi/6.3.1/thumb/v7e-m\libgcc.a(_udivmoddi4.o)
                [!provide]                PROVIDE (__exidx_end, .)

.eh_frame       0x00446384        0x0
 .eh_frame      0x00446384        0x0 c:/program files (x86)/atmel/studio/7.0/toolchain/arm/arm-gnu-toolchain/bin/../lib/gcc/arm-none-eabi/6.3.1/thumb/v7e-m/crtbegin.o

.rel.dyn        0x00446384        0x0
 .rel.iplt      0x00446384        0x0 c:/program files (x86)/atmel/studio/7.0/toolchain/arm/arm-gnu-toolchain/bin/../lib/gcc/arm-none-eabi/6.3.1/thumb/v7e-m/crtbegin.o

.jcr            0x00446384        0x0
 .jcr           0x00446384        0x0 c:/program files (x86)/atmel/studio/7.0/toolchain/arm/arm-gnu-toolchain/bin/../lib/gcc/arm-none-eabi/6.3.1/thumb/v7e-m/crtbegin.o

.igot.plt       0x00446384        0x0
 .igot.plt      0x00446384        0x0 c:/program files (x86)/atmel/studio/7.0/toolchain/arm/arm-gnu-toolchain/bin/../lib/gcc/arm-none-eabi/6.3.1/thumb/v7e-m/crtbegin.o
                0x00446384                . = ALIGN (0x4)
                0x00446384                _etext = .

.relocate       0x20400000      0xb28 load address 0x00446384
                0x20400000                . = ALIGN (0x4)
                0x20400000                _srelocate = .
 *(.ramfunc .ramfunc.*)
 .ramfunc       0x20400000        0xa src/ASF/common/services/delay/sam/cycle_counter.o
                0x20400000                portable_delay_cycles
 *(.data .data.*)
 .data.g_interrupt_enabled
                0x2040000a        0x1 src/ASF/common/utils/interrupt/interrupt_sam_nvic.o
                0x2040000a                g_interrupt_enabled
 *fill*         0x2040000b        0x1 
 .data.SystemCoreClock
                0x2040000c        0x4 src/ASF/sam/utils/cmsis/same70/source/templates/system_same70.o
                0x2040000c                SystemCoreClock
 .data.c_centrifuga
                0x20400010       0x3c src/main.o
                0x20400010                c_centrifuga
 .data.c_custom
                0x2040004c       0x3c src/main.o
                0x2040004c                c_custom
 .data.c_diario
                0x20400088       0x3c src/main.o
                0x20400088                c_diario
 .data.c_enxague
                0x204000c4       0x3c src/main.o
                0x204000c4                c_enxague
 .data.c_pesado
                0x20400100       0x3c src/main.o
                0x20400100                c_pesado
 .data.c_rapido
                0x2040013c       0x3c src/main.o
                0x2040013c                c_rapido
 .data._impure_ptr
                0x20400178        0x4 c:/program files (x86)/atmel/studio/7.0/toolchain/arm/arm-gnu-toolchain/bin/../lib/gcc/arm-none-eabi/6.3.1/../../../../arm-none-eabi/lib/thumb/v7e-m\libc.a(lib_a-impure.o)
                0x20400178                _impure_ptr
 *fill*         0x2040017c        0x4 
 .data.impure_data
                0x20400180      0x428 c:/program files (x86)/atmel/studio/7.0/toolchain/arm/arm-gnu-toolchain/bin/../lib/gcc/arm-none-eabi/6.3.1/../../../../arm-none-eabi/lib/thumb/v7e-m\libc.a(lib_a-impure.o)
 .data.__malloc_av_
                0x204005a8      0x408 c:/program files (x86)/atmel/studio/7.0/toolchain/arm/arm-gnu-toolchain/bin/../lib/gcc/arm-none-eabi/6.3.1/../../../../arm-none-eabi/lib/thumb/v7e-m\libc.a(lib_a-mallocr.o)
                0x204005a8                __malloc_av_
 .data.__malloc_sbrk_base
                0x204009b0        0x4 c:/program files (x86)/atmel/studio/7.0/toolchain/arm/arm-gnu-toolchain/bin/../lib/gcc/arm-none-eabi/6.3.1/../../../../arm-none-eabi/lib/thumb/v7e-m\libc.a(lib_a-mallocr.o)
                0x204009b0                __malloc_sbrk_base
 .data.__malloc_trim_threshold
                0x204009b4        0x4 c:/program files (x86)/atmel/studio/7.0/toolchain/arm/arm-gnu-toolchain/bin/../lib/gcc/arm-none-eabi/6.3.1/../../../../arm-none-eabi/lib/thumb/v7e-m\libc.a(lib_a-mallocr.o)
                0x204009b4                __malloc_trim_threshold
 .data.__atexit_recursive_mutex
                0x204009b8        0x4 c:/program files (x86)/atmel/studio/7.0/toolchain/arm/arm-gnu-toolchain/bin/../lib/gcc/arm-none-eabi/6.3.1/../../../../arm-none-eabi/lib/thumb/v7e-m\libc.a(lib_a-__call_atexit.o)
                0x204009b8                __atexit_recursive_mutex
 .data.__global_locale
                0x204009bc      0x16c c:/program files (x86)/atmel/studio/7.0/toolchain/arm/arm-gnu-toolchain/bin/../lib/gcc/arm-none-eabi/6.3.1/../../../../arm-none-eabi/lib/thumb/v7e-m\libc.a(lib_a-locale.o)
                0x204009bc                __global_locale
                0x20400b28                . = ALIGN (0x4)
                0x20400b28                _erelocate = .

.bss            0x20400b28      0x4e4 load address 0x00446eac
                0x20400b28                . = ALIGN (0x4)
                0x20400b28                _sbss = .
                0x20400b28                _szero = .
 *(.bss .bss.*)
 .bss           0x20400b28       0x1c c:/program files (x86)/atmel/studio/7.0/toolchain/arm/arm-gnu-toolchain/bin/../lib/gcc/arm-none-eabi/6.3.1/thumb/v7e-m/crtbegin.o
 .bss.g_ul_pixel_cache
                0x20400b44      0x3c0 src/ASF/sam/components/display/ili9488/ili9488.o
 .bss.gs_interrupt_sources
                0x20400f04       0x70 src/ASF/sam/drivers/pio/pio_handler.o
 .bss.gs_ul_nb_sources
                0x20400f74        0x4 src/ASF/sam/drivers/pio/pio_handler.o
 .bss.ul_reg_val.9422
                0x20400f78        0x4 src/ASF/sam/drivers/usart/usart.o
 .bss.heap.6420
                0x20400f7c        0x4 src/ASF/sam/utils/syscalls/gcc/syscalls.o
 .bss.customize_open
                0x20400f80        0x4 src/main.o
                0x20400f80                customize_open
 .bss.page_number
                0x20400f84        0x4 src/main.o
                0x20400f84                page_number
 .bss.security_block
                0x20400f88        0x4 src/main.o
                0x20400f88                security_block
 .bss.selection_addition
                0x20400f8c        0x4 src/main.o
                0x20400f8c                selection_addition
 .bss.value_selected
                0x20400f90        0x4 src/main.o
                0x20400f90                value_selected
 .bss.__malloc_current_mallinfo
                0x20400f94       0x28 c:/program files (x86)/atmel/studio/7.0/toolchain/arm/arm-gnu-toolchain/bin/../lib/gcc/arm-none-eabi/6.3.1/../../../../arm-none-eabi/lib/thumb/v7e-m\libc.a(lib_a-mallocr.o)
                0x20400f94                __malloc_current_mallinfo
 .bss.__malloc_max_sbrked_mem
                0x20400fbc        0x4 c:/program files (x86)/atmel/studio/7.0/toolchain/arm/arm-gnu-toolchain/bin/../lib/gcc/arm-none-eabi/6.3.1/../../../../arm-none-eabi/lib/thumb/v7e-m\libc.a(lib_a-mallocr.o)
                0x20400fbc                __malloc_max_sbrked_mem
 .bss.__malloc_max_total_mem
                0x20400fc0        0x4 c:/program files (x86)/atmel/studio/7.0/toolchain/arm/arm-gnu-toolchain/bin/../lib/gcc/arm-none-eabi/6.3.1/../../../../arm-none-eabi/lib/thumb/v7e-m\libc.a(lib_a-mallocr.o)
                0x20400fc0                __malloc_max_total_mem
 .bss.__malloc_top_pad
                0x20400fc4        0x4 c:/program files (x86)/atmel/studio/7.0/toolchain/arm/arm-gnu-toolchain/bin/../lib/gcc/arm-none-eabi/6.3.1/../../../../arm-none-eabi/lib/thumb/v7e-m\libc.a(lib_a-mallocr.o)
                0x20400fc4                __malloc_top_pad
 *(COMMON)
 COMMON         0x20400fc8        0x4 src/ASF/common/utils/stdio/read.o
                0x20400fc8                ptr_get
 COMMON         0x20400fcc        0x8 src/ASF/common/utils/stdio/write.o
                0x20400fcc                ptr_put
                0x20400fd0                stdio_base
 COMMON         0x20400fd4       0x10 src/main.o
                0x20400fd4                g_ili9488_display_opt
 COMMON         0x20400fe4       0x21 c:/program files (x86)/atmel/studio/7.0/toolchain/arm/arm-gnu-toolchain/bin/../lib/gcc/arm-none-eabi/6.3.1/../../../../arm-none-eabi/lib/thumb/v7e-m\libc.a(lib_a-lock.o)
                0x20400fe4                __lock___atexit_recursive_mutex
                0x20400fe8                __lock___arc4random_mutex
                0x20400fec                __lock___env_recursive_mutex
                0x20400ff0                __lock___sinit_recursive_mutex
                0x20400ff4                __lock___malloc_recursive_mutex
                0x20400ff8                __lock___at_quick_exit_mutex
                0x20400ffc                __lock___dd_hash_mutex
                0x20401000                __lock___tz_mutex
                0x20401004                __lock___sfp_recursive_mutex
 *fill*         0x20401005        0x3 
 COMMON         0x20401008        0x4 c:/program files (x86)/atmel/studio/7.0/toolchain/arm/arm-gnu-toolchain/bin/../lib/gcc/arm-none-eabi/6.3.1/../../../../arm-none-eabi/lib/thumb/v7e-m\libc.a(lib_a-reent.o)
                0x20401008                errno
                0x2040100c                . = ALIGN (0x4)
                0x2040100c                _ebss = .
                0x2040100c                _ezero = .

.stack          0x2040100c     0x2004 load address 0x00447390
                0x20401010                . = ALIGN (0x8)
 *fill*         0x2040100c        0x4 
                0x20401010                _sstack = .
                0x20403010                . = (. + STACK_SIZE)
 *fill*         0x20401010     0x2000 
                0x20403010                . = ALIGN (0x8)
                0x20403010                _estack = .

.heap           0x20403010      0x200 load address 0x00449394
                0x20403010                . = ALIGN (0x8)
                0x20403010                _sheap = .
                0x20403210                . = (. + HEAP_SIZE)
 *fill*         0x20403010      0x200 
                0x20403210                . = ALIGN (0x8)
                0x20403210                _eheap = .
                0x20403210                . = ALIGN (0x4)
                0x20403210                _end = .
                0x2045ffff                _ram_end_ = ((ORIGIN (ram) + LENGTH (ram)) - 0x1)
OUTPUT(MXT_EXAMPLE_USART1.elf elf32-littlearm)

.ARM.attributes
                0x00000000       0x2e
 .ARM.attributes
                0x00000000       0x1e c:/program files (x86)/atmel/studio/7.0/toolchain/arm/arm-gnu-toolchain/bin/../lib/gcc/arm-none-eabi/6.3.1/thumb/v7e-m/crti.o
 .ARM.attributes
                0x0000001e       0x2e c:/program files (x86)/atmel/studio/7.0/toolchain/arm/arm-gnu-toolchain/bin/../lib/gcc/arm-none-eabi/6.3.1/thumb/v7e-m/crtbegin.o
 .ARM.attributes
                0x0000004c       0x37 src/ASF/common/components/touch/mxt/mxt_device_1.o
 .ARM.attributes
                0x00000083       0x37 src/ASF/common/services/clock/same70/sysclk.o
 .ARM.attributes
                0x000000ba       0x37 src/ASF/common/services/delay/sam/cycle_counter.o
 .ARM.attributes
                0x000000f1       0x37 src/ASF/common/services/serial/usart_serial.o
 .ARM.attributes
                0x00000128       0x37 src/ASF/common/services/spi/sam_spi/spi_master.o
 .ARM.attributes
                0x0000015f       0x37 src/ASF/common/utils/interrupt/interrupt_sam_nvic.o
 .ARM.attributes
                0x00000196       0x37 src/ASF/common/utils/stdio/read.o
 .ARM.attributes
                0x000001cd       0x37 src/ASF/common/utils/stdio/write.o
 .ARM.attributes
                0x00000204       0x37 src/ASF/sam/boards/same70_xplained/init.o
 .ARM.attributes
                0x0000023b       0x37 src/ASF/sam/components/display/ili9488/ili9488.o
 .ARM.attributes
                0x00000272       0x37 src/ASF/sam/drivers/pio/pio.o
 .ARM.attributes
                0x000002a9       0x37 src/ASF/sam/drivers/pio/pio_handler.o
 .ARM.attributes
                0x000002e0       0x37 src/ASF/sam/drivers/pmc/pmc.o
 .ARM.attributes
                0x00000317       0x37 src/ASF/sam/drivers/spi/spi.o
 .ARM.attributes
                0x0000034e       0x37 src/ASF/sam/drivers/twihs/twihs.o
 .ARM.attributes
                0x00000385       0x37 src/ASF/sam/drivers/uart/uart.o
 .ARM.attributes
                0x000003bc       0x37 src/ASF/sam/drivers/usart/usart.o
 .ARM.attributes
                0x000003f3       0x37 src/ASF/sam/utils/cmsis/same70/source/templates/gcc/startup_same70.o
 .ARM.attributes
                0x0000042a       0x37 src/ASF/sam/utils/cmsis/same70/source/templates/system_same70.o
 .ARM.attributes
                0x00000461       0x37 src/ASF/sam/utils/syscalls/gcc/syscalls.o
 .ARM.attributes
                0x00000498       0x37 src/main.o
 .ARM.attributes
                0x000004cf       0x2e c:/program files (x86)/atmel/studio/7.0/toolchain/arm/arm-gnu-toolchain/bin/../lib/gcc/arm-none-eabi/6.3.1/../../../../arm-none-eabi/lib/thumb/v7e-m\libc.a(lib_a-impure.o)
 .ARM.attributes
                0x000004fd       0x2e c:/program files (x86)/atmel/studio/7.0/toolchain/arm/arm-gnu-toolchain/bin/../lib/gcc/arm-none-eabi/6.3.1/../../../../arm-none-eabi/lib/thumb/v7e-m\libc.a(lib_a-init.o)
 .ARM.attributes
                0x0000052b       0x2e c:/program files (x86)/atmel/studio/7.0/toolchain/arm/arm-gnu-toolchain/bin/../lib/gcc/arm-none-eabi/6.3.1/../../../../arm-none-eabi/lib/thumb/v7e-m\libc.a(lib_a-iprintf.o)
 .ARM.attributes
                0x00000559       0x2e c:/program files (x86)/atmel/studio/7.0/toolchain/arm/arm-gnu-toolchain/bin/../lib/gcc/arm-none-eabi/6.3.1/../../../../arm-none-eabi/lib/thumb/v7e-m\libc.a(lib_a-malloc.o)
 .ARM.attributes
                0x00000587       0x2e c:/program files (x86)/atmel/studio/7.0/toolchain/arm/arm-gnu-toolchain/bin/../lib/gcc/arm-none-eabi/6.3.1/../../../../arm-none-eabi/lib/thumb/v7e-m\libc.a(lib_a-mallocr.o)
 .ARM.attributes
                0x000005b5       0x1c c:/program files (x86)/atmel/studio/7.0/toolchain/arm/arm-gnu-toolchain/bin/../lib/gcc/arm-none-eabi/6.3.1/../../../../arm-none-eabi/lib/thumb/v7e-m\libc.a(lib_a-memcpy.o)
 .ARM.attributes
                0x000005d1       0x2e c:/program files (x86)/atmel/studio/7.0/toolchain/arm/arm-gnu-toolchain/bin/../lib/gcc/arm-none-eabi/6.3.1/../../../../arm-none-eabi/lib/thumb/v7e-m\libc.a(lib_a-memset.o)
 .ARM.attributes
                0x000005ff       0x2e c:/program files (x86)/atmel/studio/7.0/toolchain/arm/arm-gnu-toolchain/bin/../lib/gcc/arm-none-eabi/6.3.1/../../../../arm-none-eabi/lib/thumb/v7e-m\libc.a(lib_a-mlock.o)
 .ARM.attributes
                0x0000062d       0x2e c:/program files (x86)/atmel/studio/7.0/toolchain/arm/arm-gnu-toolchain/bin/../lib/gcc/arm-none-eabi/6.3.1/../../../../arm-none-eabi/lib/thumb/v7e-m\libc.a(lib_a-sbrkr.o)
 .ARM.attributes
                0x0000065b       0x2e c:/program files (x86)/atmel/studio/7.0/toolchain/arm/arm-gnu-toolchain/bin/../lib/gcc/arm-none-eabi/6.3.1/../../../../arm-none-eabi/lib/thumb/v7e-m\libc.a(lib_a-setbuf.o)
 .ARM.attributes
                0x00000689       0x2e c:/program files (x86)/atmel/studio/7.0/toolchain/arm/arm-gnu-toolchain/bin/../lib/gcc/arm-none-eabi/6.3.1/../../../../arm-none-eabi/lib/thumb/v7e-m\libc.a(lib_a-setvbuf.o)
 .ARM.attributes
                0x000006b7       0x2e c:/program files (x86)/atmel/studio/7.0/toolchain/arm/arm-gnu-toolchain/bin/../lib/gcc/arm-none-eabi/6.3.1/../../../../arm-none-eabi/lib/thumb/v7e-m\libc.a(lib_a-sprintf.o)
 .ARM.attributes
                0x000006e5       0x2e c:/program files (x86)/atmel/studio/7.0/toolchain/arm/arm-gnu-toolchain/bin/../lib/gcc/arm-none-eabi/6.3.1/../../../../arm-none-eabi/lib/thumb/v7e-m\libc.a(lib_a-strcat.o)
 .ARM.attributes
                0x00000713       0x2e c:/program files (x86)/atmel/studio/7.0/toolchain/arm/arm-gnu-toolchain/bin/../lib/gcc/arm-none-eabi/6.3.1/../../../../arm-none-eabi/lib/thumb/v7e-m\libc.a(lib_a-strcpy.o)
 .ARM.attributes
                0x00000741       0x1c c:/program files (x86)/atmel/studio/7.0/toolchain/arm/arm-gnu-toolchain/bin/../lib/gcc/arm-none-eabi/6.3.1/../../../../arm-none-eabi/lib/thumb/v7e-m\libc.a(lib_a-strlen.o)
 .ARM.attributes
                0x0000075d       0x2e c:/program files (x86)/atmel/studio/7.0/toolchain/arm/arm-gnu-toolchain/bin/../lib/gcc/arm-none-eabi/6.3.1/../../../../arm-none-eabi/lib/thumb/v7e-m\libc.a(lib_a-svfprintf.o)
 .ARM.attributes
                0x0000078b       0x2e c:/program files (x86)/atmel/studio/7.0/toolchain/arm/arm-gnu-toolchain/bin/../lib/gcc/arm-none-eabi/6.3.1/../../../../arm-none-eabi/lib/thumb/v7e-m\libc.a(lib_a-vfiprintf.o)
 .ARM.attributes
                0x000007b9       0x2e c:/program files (x86)/atmel/studio/7.0/toolchain/arm/arm-gnu-toolchain/bin/../lib/gcc/arm-none-eabi/6.3.1/../../../../arm-none-eabi/lib/thumb/v7e-m\libc.a(lib_a-wsetup.o)
 .ARM.attributes
                0x000007e7       0x2e c:/program files (x86)/atmel/studio/7.0/toolchain/arm/arm-gnu-toolchain/bin/../lib/gcc/arm-none-eabi/6.3.1/../../../../arm-none-eabi/lib/thumb/v7e-m\libc.a(lib_a-__call_atexit.o)
 .ARM.attributes
                0x00000815       0x2e c:/program files (x86)/atmel/studio/7.0/toolchain/arm/arm-gnu-toolchain/bin/../lib/gcc/arm-none-eabi/6.3.1/../../../../arm-none-eabi/lib/thumb/v7e-m\libc.a(lib_a-atexit.o)
 .ARM.attributes
                0x00000843       0x2e c:/program files (x86)/atmel/studio/7.0/toolchain/arm/arm-gnu-toolchain/bin/../lib/gcc/arm-none-eabi/6.3.1/../../../../arm-none-eabi/lib/thumb/v7e-m\libc.a(lib_a-dtoa.o)
 .ARM.attributes
                0x00000871       0x2e c:/program files (x86)/atmel/studio/7.0/toolchain/arm/arm-gnu-toolchain/bin/../lib/gcc/arm-none-eabi/6.3.1/../../../../arm-none-eabi/lib/thumb/v7e-m\libc.a(lib_a-fflush.o)
 .ARM.attributes
                0x0000089f       0x2e c:/program files (x86)/atmel/studio/7.0/toolchain/arm/arm-gnu-toolchain/bin/../lib/gcc/arm-none-eabi/6.3.1/../../../../arm-none-eabi/lib/thumb/v7e-m\libc.a(lib_a-findfp.o)
 .ARM.attributes
                0x000008cd       0x2e c:/program files (x86)/atmel/studio/7.0/toolchain/arm/arm-gnu-toolchain/bin/../lib/gcc/arm-none-eabi/6.3.1/../../../../arm-none-eabi/lib/thumb/v7e-m\libc.a(lib_a-fini.o)
 .ARM.attributes
                0x000008fb       0x2e c:/program files (x86)/atmel/studio/7.0/toolchain/arm/arm-gnu-toolchain/bin/../lib/gcc/arm-none-eabi/6.3.1/../../../../arm-none-eabi/lib/thumb/v7e-m\libc.a(lib_a-fputwc.o)
 .ARM.attributes
                0x00000929       0x2e c:/program files (x86)/atmel/studio/7.0/toolchain/arm/arm-gnu-toolchain/bin/../lib/gcc/arm-none-eabi/6.3.1/../../../../arm-none-eabi/lib/thumb/v7e-m\libc.a(lib_a-freer.o)
 .ARM.attributes
                0x00000957       0x2e c:/program files (x86)/atmel/studio/7.0/toolchain/arm/arm-gnu-toolchain/bin/../lib/gcc/arm-none-eabi/6.3.1/../../../../arm-none-eabi/lib/thumb/v7e-m\libc.a(lib_a-fvwrite.o)
 .ARM.attributes
                0x00000985       0x2e c:/program files (x86)/atmel/studio/7.0/toolchain/arm/arm-gnu-toolchain/bin/../lib/gcc/arm-none-eabi/6.3.1/../../../../arm-none-eabi/lib/thumb/v7e-m\libc.a(lib_a-fwalk.o)
 .ARM.attributes
                0x000009b3       0x2e c:/program files (x86)/atmel/studio/7.0/toolchain/arm/arm-gnu-toolchain/bin/../lib/gcc/arm-none-eabi/6.3.1/../../../../arm-none-eabi/lib/thumb/v7e-m\libc.a(lib_a-locale.o)
 .ARM.attributes
                0x000009e1       0x2e c:/program files (x86)/atmel/studio/7.0/toolchain/arm/arm-gnu-toolchain/bin/../lib/gcc/arm-none-eabi/6.3.1/../../../../arm-none-eabi/lib/thumb/v7e-m\libc.a(lib_a-localeconv.o)
 .ARM.attributes
                0x00000a0f       0x2e c:/program files (x86)/atmel/studio/7.0/toolchain/arm/arm-gnu-toolchain/bin/../lib/gcc/arm-none-eabi/6.3.1/../../../../arm-none-eabi/lib/thumb/v7e-m\libc.a(lib_a-lock.o)
 .ARM.attributes
                0x00000a3d       0x2e c:/program files (x86)/atmel/studio/7.0/toolchain/arm/arm-gnu-toolchain/bin/../lib/gcc/arm-none-eabi/6.3.1/../../../../arm-none-eabi/lib/thumb/v7e-m\libc.a(lib_a-makebuf.o)
 .ARM.attributes
                0x00000a6b       0x2e c:/program files (x86)/atmel/studio/7.0/toolchain/arm/arm-gnu-toolchain/bin/../lib/gcc/arm-none-eabi/6.3.1/../../../../arm-none-eabi/lib/thumb/v7e-m\libc.a(lib_a-mbtowc_r.o)
 .ARM.attributes
                0x00000a99       0x1c c:/program files (x86)/atmel/studio/7.0/toolchain/arm/arm-gnu-toolchain/bin/../lib/gcc/arm-none-eabi/6.3.1/../../../../arm-none-eabi/lib/thumb/v7e-m\libc.a(lib_a-memchr.o)
 .ARM.attributes
                0x00000ab5       0x2e c:/program files (x86)/atmel/studio/7.0/toolchain/arm/arm-gnu-toolchain/bin/../lib/gcc/arm-none-eabi/6.3.1/../../../../arm-none-eabi/lib/thumb/v7e-m\libc.a(lib_a-memmove.o)
 .ARM.attributes
                0x00000ae3       0x2e c:/program files (x86)/atmel/studio/7.0/toolchain/arm/arm-gnu-toolchain/bin/../lib/gcc/arm-none-eabi/6.3.1/../../../../arm-none-eabi/lib/thumb/v7e-m\libc.a(lib_a-mprec.o)
 .ARM.attributes
                0x00000b11       0x2e c:/program files (x86)/atmel/studio/7.0/toolchain/arm/arm-gnu-toolchain/bin/../lib/gcc/arm-none-eabi/6.3.1/../../../../arm-none-eabi/lib/thumb/v7e-m\libc.a(lib_a-reallocr.o)
 .ARM.attributes
                0x00000b3f       0x2e c:/program files (x86)/atmel/studio/7.0/toolchain/arm/arm-gnu-toolchain/bin/../lib/gcc/arm-none-eabi/6.3.1/../../../../arm-none-eabi/lib/thumb/v7e-m\libc.a(lib_a-reent.o)
 .ARM.attributes
                0x00000b6d       0x2e c:/program files (x86)/atmel/studio/7.0/toolchain/arm/arm-gnu-toolchain/bin/../lib/gcc/arm-none-eabi/6.3.1/../../../../arm-none-eabi/lib/thumb/v7e-m\libc.a(lib_a-stdio.o)
 .ARM.attributes
                0x00000b9b       0x2e c:/program files (x86)/atmel/studio/7.0/toolchain/arm/arm-gnu-toolchain/bin/../lib/gcc/arm-none-eabi/6.3.1/../../../../arm-none-eabi/lib/thumb/v7e-m\libc.a(lib_a-svfiprintf.o)
 .ARM.attributes
                0x00000bc9       0x2e c:/program files (x86)/atmel/studio/7.0/toolchain/arm/arm-gnu-toolchain/bin/../lib/gcc/arm-none-eabi/6.3.1/../../../../arm-none-eabi/lib/thumb/v7e-m\libc.a(lib_a-wbuf.o)
 .ARM.attributes
                0x00000bf7       0x2e c:/program files (x86)/atmel/studio/7.0/toolchain/arm/arm-gnu-toolchain/bin/../lib/gcc/arm-none-eabi/6.3.1/../../../../arm-none-eabi/lib/thumb/v7e-m\libc.a(lib_a-wcrtomb.o)
 .ARM.attributes
                0x00000c25       0x2e c:/program files (x86)/atmel/studio/7.0/toolchain/arm/arm-gnu-toolchain/bin/../lib/gcc/arm-none-eabi/6.3.1/../../../../arm-none-eabi/lib/thumb/v7e-m\libc.a(lib_a-wctomb_r.o)
 .ARM.attributes
                0x00000c53       0x2e c:/program files (x86)/atmel/studio/7.0/toolchain/arm/arm-gnu-toolchain/bin/../lib/gcc/arm-none-eabi/6.3.1/../../../../arm-none-eabi/lib/thumb/v7e-m\libc.a(lib_a-writer.o)
 .ARM.attributes
                0x00000c81       0x2e c:/program files (x86)/atmel/studio/7.0/toolchain/arm/arm-gnu-toolchain/bin/../lib/gcc/arm-none-eabi/6.3.1/../../../../arm-none-eabi/lib/thumb/v7e-m\libc.a(lib_a-__atexit.o)
 .ARM.attributes
                0x00000caf       0x2e c:/program files (x86)/atmel/studio/7.0/toolchain/arm/arm-gnu-toolchain/bin/../lib/gcc/arm-none-eabi/6.3.1/../../../../arm-none-eabi/lib/thumb/v7e-m\libc.a(lib_a-callocr.o)
 .ARM.attributes
                0x00000cdd       0x2e c:/program files (x86)/atmel/studio/7.0/toolchain/arm/arm-gnu-toolchain/bin/../lib/gcc/arm-none-eabi/6.3.1/../../../../arm-none-eabi/lib/thumb/v7e-m\libc.a(lib_a-closer.o)
 .ARM.attributes
                0x00000d0b       0x2e c:/program files (x86)/atmel/studio/7.0/toolchain/arm/arm-gnu-toolchain/bin/../lib/gcc/arm-none-eabi/6.3.1/../../../../arm-none-eabi/lib/thumb/v7e-m\libc.a(lib_a-ctype_.o)
 .ARM.attributes
                0x00000d39       0x2e c:/program files (x86)/atmel/studio/7.0/toolchain/arm/arm-gnu-toolchain/bin/../lib/gcc/arm-none-eabi/6.3.1/../../../../arm-none-eabi/lib/thumb/v7e-m\libc.a(lib_a-fclose.o)
 .ARM.attributes
                0x00000d67       0x2e c:/program files (x86)/atmel/studio/7.0/toolchain/arm/arm-gnu-toolchain/bin/../lib/gcc/arm-none-eabi/6.3.1/../../../../arm-none-eabi/lib/thumb/v7e-m\libc.a(lib_a-fstatr.o)
 .ARM.attributes
                0x00000d95       0x2e c:/program files (x86)/atmel/studio/7.0/toolchain/arm/arm-gnu-toolchain/bin/../lib/gcc/arm-none-eabi/6.3.1/../../../../arm-none-eabi/lib/thumb/v7e-m\libc.a(lib_a-isattyr.o)
 .ARM.attributes
                0x00000dc3       0x2e c:/program files (x86)/atmel/studio/7.0/toolchain/arm/arm-gnu-toolchain/bin/../lib/gcc/arm-none-eabi/6.3.1/../../../../arm-none-eabi/lib/thumb/v7e-m\libc.a(lib_a-lseekr.o)
 .ARM.attributes
                0x00000df1       0x2e c:/program files (x86)/atmel/studio/7.0/toolchain/arm/arm-gnu-toolchain/bin/../lib/gcc/arm-none-eabi/6.3.1/../../../../arm-none-eabi/lib/thumb/v7e-m\libc.a(lib_a-readr.o)
 .ARM.attributes
                0x00000e1f       0x1e c:/program files (x86)/atmel/studio/7.0/toolchain/arm/arm-gnu-toolchain/bin/../lib/gcc/arm-none-eabi/6.3.1/thumb/v7e-m\libgcc.a(_arm_addsubdf3.o)
 .ARM.attributes
                0x00000e3d       0x1e c:/program files (x86)/atmel/studio/7.0/toolchain/arm/arm-gnu-toolchain/bin/../lib/gcc/arm-none-eabi/6.3.1/thumb/v7e-m\libgcc.a(_arm_muldivdf3.o)
 .ARM.attributes
                0x00000e5b       0x1e c:/program files (x86)/atmel/studio/7.0/toolchain/arm/arm-gnu-toolchain/bin/../lib/gcc/arm-none-eabi/6.3.1/thumb/v7e-m\libgcc.a(_arm_cmpdf2.o)
 .ARM.attributes
                0x00000e79       0x1e c:/program files (x86)/atmel/studio/7.0/toolchain/arm/arm-gnu-toolchain/bin/../lib/gcc/arm-none-eabi/6.3.1/thumb/v7e-m\libgcc.a(_arm_unorddf2.o)
 .ARM.attributes
                0x00000e97       0x1e c:/program files (x86)/atmel/studio/7.0/toolchain/arm/arm-gnu-toolchain/bin/../lib/gcc/arm-none-eabi/6.3.1/thumb/v7e-m\libgcc.a(_arm_fixdfsi.o)
 .ARM.attributes
                0x00000eb5       0x1e c:/program files (x86)/atmel/studio/7.0/toolchain/arm/arm-gnu-toolchain/bin/../lib/gcc/arm-none-eabi/6.3.1/thumb/v7e-m\libgcc.a(_aeabi_uldivmod.o)
 .ARM.attributes
                0x00000ed3       0x2e c:/program files (x86)/atmel/studio/7.0/toolchain/arm/arm-gnu-toolchain/bin/../lib/gcc/arm-none-eabi/6.3.1/thumb/v7e-m\libgcc.a(_udivmoddi4.o)
 .ARM.attributes
                0x00000f01       0x1e c:/program files (x86)/atmel/studio/7.0/toolchain/arm/arm-gnu-toolchain/bin/../lib/gcc/arm-none-eabi/6.3.1/thumb/v7e-m\libgcc.a(_dvmd_tls.o)
 .ARM.attributes
                0x00000f1f       0x1e c:/program files (x86)/atmel/studio/7.0/toolchain/arm/arm-gnu-toolchain/bin/../lib/gcc/arm-none-eabi/6.3.1/thumb/v7e-m/crtn.o

.comment        0x00000000       0x59
 .comment       0x00000000       0x59 src/ASF/common/components/touch/mxt/mxt_device_1.o
                                 0x5a (size before relaxing)
 .comment       0x00000059       0x5a src/ASF/common/services/clock/same70/sysclk.o
 .comment       0x00000059       0x5a src/ASF/common/services/delay/sam/cycle_counter.o
 .comment       0x00000059       0x5a src/ASF/common/services/serial/usart_serial.o
 .comment       0x00000059       0x5a src/ASF/common/services/spi/sam_spi/spi_master.o
 .comment       0x00000059       0x5a src/ASF/common/utils/interrupt/interrupt_sam_nvic.o
 .comment       0x00000059       0x5a src/ASF/common/utils/stdio/read.o
 .comment       0x00000059       0x5a src/ASF/common/utils/stdio/write.o
 .comment       0x00000059       0x5a src/ASF/sam/boards/same70_xplained/init.o
 .comment       0x00000059       0x5a src/ASF/sam/components/display/ili9488/ili9488.o
 .comment       0x00000059       0x5a src/ASF/sam/drivers/pio/pio.o
 .comment       0x00000059       0x5a src/ASF/sam/drivers/pio/pio_handler.o
 .comment       0x00000059       0x5a src/ASF/sam/drivers/pmc/pmc.o
 .comment       0x00000059       0x5a src/ASF/sam/drivers/spi/spi.o
 .comment       0x00000059       0x5a src/ASF/sam/drivers/twihs/twihs.o
 .comment       0x00000059       0x5a src/ASF/sam/drivers/uart/uart.o
 .comment       0x00000059       0x5a src/ASF/sam/drivers/usart/usart.o
 .comment       0x00000059       0x5a src/ASF/sam/utils/cmsis/same70/source/templates/gcc/startup_same70.o
 .comment       0x00000059       0x5a src/ASF/sam/utils/cmsis/same70/source/templates/system_same70.o
 .comment       0x00000059       0x5a src/ASF/sam/utils/syscalls/gcc/syscalls.o
 .comment       0x00000059       0x5a src/main.o

.debug_info     0x00000000    0x1f649
 .debug_info    0x00000000     0x240d src/ASF/common/components/touch/mxt/mxt_device_1.o
 .debug_info    0x0000240d     0x12a4 src/ASF/common/services/clock/same70/sysclk.o
 .debug_info    0x000036b1      0xa45 src/ASF/common/services/delay/sam/cycle_counter.o
 .debug_info    0x000040f6     0x1174 src/ASF/common/services/serial/usart_serial.o
 .debug_info    0x0000526a     0x15fe src/ASF/common/services/spi/sam_spi/spi_master.o
 .debug_info    0x00006868      0xb01 src/ASF/common/utils/interrupt/interrupt_sam_nvic.o
 .debug_info    0x00007369      0xac9 src/ASF/common/utils/stdio/read.o
 .debug_info    0x00007e32      0xac6 src/ASF/common/utils/stdio/write.o
 .debug_info    0x000088f8     0x24e7 src/ASF/sam/boards/same70_xplained/init.o
 .debug_info    0x0000addf     0x28a4 src/ASF/sam/components/display/ili9488/ili9488.o
 .debug_info    0x0000d683     0x2174 src/ASF/sam/drivers/pio/pio.o
 .debug_info    0x0000f7f7     0x1b60 src/ASF/sam/drivers/pio/pio_handler.o
 .debug_info    0x00011357     0x1f12 src/ASF/sam/drivers/pmc/pmc.o
 .debug_info    0x00013269     0x1181 src/ASF/sam/drivers/spi/spi.o
 .debug_info    0x000143ea     0x1599 src/ASF/sam/drivers/twihs/twihs.o
 .debug_info    0x00015983     0x1072 src/ASF/sam/drivers/uart/uart.o
 .debug_info    0x000169f5     0x23ac src/ASF/sam/drivers/usart/usart.o
 .debug_info    0x00018da1     0x1600 src/ASF/sam/utils/cmsis/same70/source/templates/gcc/startup_same70.o
 .debug_info    0x0001a3a1      0x5d0 src/ASF/sam/utils/cmsis/same70/source/templates/system_same70.o
 .debug_info    0x0001a971      0xdb0 src/ASF/sam/utils/syscalls/gcc/syscalls.o
 .debug_info    0x0001b721     0x3f28 src/main.o

.debug_abbrev   0x00000000     0x412d
 .debug_abbrev  0x00000000      0x44d src/ASF/common/components/touch/mxt/mxt_device_1.o
 .debug_abbrev  0x0000044d      0x31f src/ASF/common/services/clock/same70/sysclk.o
 .debug_abbrev  0x0000076c      0x1b3 src/ASF/common/services/delay/sam/cycle_counter.o
 .debug_abbrev  0x0000091f      0x2b1 src/ASF/common/services/serial/usart_serial.o
 .debug_abbrev  0x00000bd0      0x3c1 src/ASF/common/services/spi/sam_spi/spi_master.o
 .debug_abbrev  0x00000f91      0x212 src/ASF/common/utils/interrupt/interrupt_sam_nvic.o
 .debug_abbrev  0x000011a3      0x1fe src/ASF/common/utils/stdio/read.o
 .debug_abbrev  0x000013a1      0x1e9 src/ASF/common/utils/stdio/write.o
 .debug_abbrev  0x0000158a      0x37e src/ASF/sam/boards/same70_xplained/init.o
 .debug_abbrev  0x00001908      0x41d src/ASF/sam/components/display/ili9488/ili9488.o
 .debug_abbrev  0x00001d25      0x410 src/ASF/sam/drivers/pio/pio.o
 .debug_abbrev  0x00002135      0x32f src/ASF/sam/drivers/pio/pio_handler.o
 .debug_abbrev  0x00002464      0x398 src/ASF/sam/drivers/pmc/pmc.o
 .debug_abbrev  0x000027fc      0x3b2 src/ASF/sam/drivers/spi/spi.o
 .debug_abbrev  0x00002bae      0x39f src/ASF/sam/drivers/twihs/twihs.o
 .debug_abbrev  0x00002f4d      0x27b src/ASF/sam/drivers/uart/uart.o
 .debug_abbrev  0x000031c8      0x3ca src/ASF/sam/drivers/usart/usart.o
 .debug_abbrev  0x00003592      0x2e4 src/ASF/sam/utils/cmsis/same70/source/templates/gcc/startup_same70.o
 .debug_abbrev  0x00003876      0x102 src/ASF/sam/utils/cmsis/same70/source/templates/system_same70.o
 .debug_abbrev  0x00003978      0x264 src/ASF/sam/utils/syscalls/gcc/syscalls.o
 .debug_abbrev  0x00003bdc      0x551 src/main.o

.debug_loc      0x00000000     0x9000
 .debug_loc     0x00000000      0xfd8 src/ASF/common/components/touch/mxt/mxt_device_1.o
 .debug_loc     0x00000fd8      0x183 src/ASF/common/services/clock/same70/sysclk.o
 .debug_loc     0x0000115b      0x2a7 src/ASF/common/services/serial/usart_serial.o
 .debug_loc     0x00001402      0xab0 src/ASF/common/services/spi/sam_spi/spi_master.o
 .debug_loc     0x00001eb2       0xb3 src/ASF/common/utils/stdio/read.o
 .debug_loc     0x00001f65      0x12b src/ASF/common/utils/stdio/write.o
 .debug_loc     0x00002090      0x2d9 src/ASF/sam/boards/same70_xplained/init.o
 .debug_loc     0x00002369     0x18a1 src/ASF/sam/components/display/ili9488/ili9488.o
 .debug_loc     0x00003c0a      0xea4 src/ASF/sam/drivers/pio/pio.o
 .debug_loc     0x00004aae      0x588 src/ASF/sam/drivers/pio/pio_handler.o
 .debug_loc     0x00005036      0xc33 src/ASF/sam/drivers/pmc/pmc.o
 .debug_loc     0x00005c69      0x610 src/ASF/sam/drivers/spi/spi.o
 .debug_loc     0x00006279      0xc59 src/ASF/sam/drivers/twihs/twihs.o
 .debug_loc     0x00006ed2      0x2a3 src/ASF/sam/drivers/uart/uart.o
 .debug_loc     0x00007175      0xf35 src/ASF/sam/drivers/usart/usart.o
 .debug_loc     0x000080aa       0x77 src/ASF/sam/utils/cmsis/same70/source/templates/gcc/startup_same70.o
 .debug_loc     0x00008121       0xfd src/ASF/sam/utils/syscalls/gcc/syscalls.o
 .debug_loc     0x0000821e      0xde2 src/main.o

.debug_aranges  0x00000000      0xdc0
 .debug_aranges
                0x00000000       0x90 src/ASF/common/components/touch/mxt/mxt_device_1.o
 .debug_aranges
                0x00000090       0x40 src/ASF/common/services/clock/same70/sysclk.o
 .debug_aranges
                0x000000d0       0x20 src/ASF/common/services/delay/sam/cycle_counter.o
 .debug_aranges
                0x000000f0       0x28 src/ASF/common/services/serial/usart_serial.o
 .debug_aranges
                0x00000118       0x50 src/ASF/common/services/spi/sam_spi/spi_master.o
 .debug_aranges
                0x00000168       0x28 src/ASF/common/utils/interrupt/interrupt_sam_nvic.o
 .debug_aranges
                0x00000190       0x20 src/ASF/common/utils/stdio/read.o
 .debug_aranges
                0x000001b0       0x20 src/ASF/common/utils/stdio/write.o
 .debug_aranges
                0x000001d0       0x20 src/ASF/sam/boards/same70_xplained/init.o
 .debug_aranges
                0x000001f0      0x138 src/ASF/sam/components/display/ili9488/ili9488.o
 .debug_aranges
                0x00000328      0x1a8 src/ASF/sam/drivers/pio/pio.o
 .debug_aranges
                0x000004d0       0x60 src/ASF/sam/drivers/pio/pio_handler.o
 .debug_aranges
                0x00000530      0x250 src/ASF/sam/drivers/pmc/pmc.o
 .debug_aranges
                0x00000780       0x90 src/ASF/sam/drivers/spi/spi.o
 .debug_aranges
                0x00000810       0xe8 src/ASF/sam/drivers/twihs/twihs.o
 .debug_aranges
                0x000008f8       0xd8 src/ASF/sam/drivers/uart/uart.o
 .debug_aranges
                0x000009d0      0x2a8 src/ASF/sam/drivers/usart/usart.o
 .debug_aranges
                0x00000c78       0x28 src/ASF/sam/utils/cmsis/same70/source/templates/gcc/startup_same70.o
 .debug_aranges
                0x00000ca0       0x30 src/ASF/sam/utils/cmsis/same70/source/templates/system_same70.o
 .debug_aranges
                0x00000cd0       0x60 src/ASF/sam/utils/syscalls/gcc/syscalls.o
 .debug_aranges
                0x00000d30       0x90 src/main.o

.debug_ranges   0x00000000      0xf58
 .debug_ranges  0x00000000      0x148 src/ASF/common/components/touch/mxt/mxt_device_1.o
 .debug_ranges  0x00000148       0x30 src/ASF/common/services/clock/same70/sysclk.o
 .debug_ranges  0x00000178       0x10 src/ASF/common/services/delay/sam/cycle_counter.o
 .debug_ranges  0x00000188       0x48 src/ASF/common/services/serial/usart_serial.o
 .debug_ranges  0x000001d0       0x88 src/ASF/common/services/spi/sam_spi/spi_master.o
 .debug_ranges  0x00000258       0x18 src/ASF/common/utils/interrupt/interrupt_sam_nvic.o
 .debug_ranges  0x00000270       0x10 src/ASF/common/utils/stdio/read.o
 .debug_ranges  0x00000280       0x10 src/ASF/common/utils/stdio/write.o
 .debug_ranges  0x00000290       0x10 src/ASF/sam/boards/same70_xplained/init.o
 .debug_ranges  0x000002a0      0x160 src/ASF/sam/components/display/ili9488/ili9488.o
 .debug_ranges  0x00000400      0x2a0 src/ASF/sam/drivers/pio/pio.o
 .debug_ranges  0x000006a0       0x68 src/ASF/sam/drivers/pio/pio_handler.o
 .debug_ranges  0x00000708      0x240 src/ASF/sam/drivers/pmc/pmc.o
 .debug_ranges  0x00000948       0x80 src/ASF/sam/drivers/spi/spi.o
 .debug_ranges  0x000009c8       0xd8 src/ASF/sam/drivers/twihs/twihs.o
 .debug_ranges  0x00000aa0       0xc8 src/ASF/sam/drivers/uart/uart.o
 .debug_ranges  0x00000b68      0x298 src/ASF/sam/drivers/usart/usart.o
 .debug_ranges  0x00000e00       0x18 src/ASF/sam/utils/cmsis/same70/source/templates/gcc/startup_same70.o
 .debug_ranges  0x00000e18       0x20 src/ASF/sam/utils/cmsis/same70/source/templates/system_same70.o
 .debug_ranges  0x00000e38       0x50 src/ASF/sam/utils/syscalls/gcc/syscalls.o
 .debug_ranges  0x00000e88       0xd0 src/main.o

.debug_macro    0x00000000    0x22985
 .debug_macro   0x00000000      0x750 src/ASF/common/components/touch/mxt/mxt_device_1.o